=== Getting All News (Deduplicated) ===
Fetching Top News...
Fetching World News...
Fetching US News...
Fetching Economic News...
Fetching Technology News...
Fetching Politics News...
Error fetching Politics News: 'NoneType' object has no attribute 'text'
Total news items: 24

Saved 24 news items to /news/data/2026-05-09/all_news.json

=== Getting Top News Only ===
Fetching Top News...
Title: Why one of the nation's largest auto lenders isn't worried about high vehicle prices or 'forever loans'
Type: Top News

Title: Nvidia embraces role of AI investor, pushing past $40 billion in equity bets this year
Type: Top News

Title: Frontier jet hits and kills pedestrian on runway in Denver during takeoff
Type: Top News

Saved 3 news items to /news/data/2026-05-09/top_news.json

=== Random News Item ===
Fetching Top News...
Fetching World News...
Fetching US News...
Fetching Economic News...
Fetching Technology News...
Fetching Politics News...
Error fetching Politics News: 'NoneType' object has no attribute 'text'
Title: Jim Cramer says 'it's not to late' to own AI winners powering the market
Description: CNBC's Jim Cramer said the AI-driven rally has dominated the market, and next week will test whether investors keep rewarding the winners.
Type: Technology News
Saved 1 news items to /news/data/2026-05-09/random_news.json
