=== Getting All News (Deduplicated) ===
Fetching Top News...
Fetching World News...
Fetching US News...
Fetching Economic News...
Fetching Technology News...
Fetching Politics News...
Total news items: 24

Saved 24 news items to /news/data/2026-01-25/all_news.json

=== Getting Top News Only ===
Fetching Top News...
Title: Alex Pretti killing: Minnesota CEOs, including UnitedHealth, Target, call for 'immediate deescalation'
Type: Top News

Title: Partial government shutdown more likely over DHS funding fight after Alex Pretti killing
Type: Top News

Title: Flight disruptions from massive winter storm will linger Monday
Type: Top News

Saved 3 news items to /news/data/2026-01-25/top_news.json

=== Random News Item ===
Fetching Top News...
Fetching World News...
Fetching US News...
Fetching Economic News...
Fetching Technology News...
Fetching Politics News...
Title: Auto executives are hoping for the best and planning for the worst in 2026
Description: Automakers are entering a new phase of uncertainty as they deal with affordability issues and slowing consumer demand.
Type: US News
Saved 1 news items to /news/data/2026-01-25/random_news.json
