=== Getting All News (Deduplicated) ===
Fetching Top News...
Error fetching Top News: 'NoneType' object has no attribute 'text'
Fetching World News...
Fetching US News...
Fetching Economic News...
Fetching Technology News...
Fetching Politics News...
Error fetching Politics News: 'NoneType' object has no attribute 'text'
Total news items: 21

Saved 21 news items to /news/data/2026-04-26/all_news.json

=== Getting Top News Only ===
Fetching Top News...
Error fetching Top News: 'NoneType' object has no attribute 'text'
Title: Trump: Shooter at White House press dinner had multiple weapons, one officer shot
Type: Top News

Saved 1 news items to /news/data/2026-04-26/top_news.json

=== Random News Item ===
Fetching Top News...
Error fetching Top News: 'NoneType' object has no attribute 'text'
Fetching World News...
Fetching US News...
Fetching Economic News...
Fetching Technology News...
Fetching Politics News...
Error fetching Politics News: 'NoneType' object has no attribute 'text'
Title: Trump presses his case for White House ballroom following press dinner shooting
Description: The President took to social media to reiterate his case that White House ballroom is a matter of national security in the wake of the press dinner shooting.
Type: US News
Saved 1 news items to /news/data/2026-04-26/random_news.json
