=== Getting All News (Deduplicated) ===
Fetching Top News...
Fetching World News...
Fetching US News...
Fetching Economic News...
Fetching Technology News...
Fetching Politics News...
Total news items: 28

Saved 28 news items to /news/data/2026-02-07/all_news.json

=== Getting Top News Only ===
Fetching Top News...
Title: Trump administration equity stakes pose risks to U.S. companies and markets
Type: Top News

Title: Automakers largely sit out 2026 Super Bowl advertising amid industry uncertainty
Type: Top News

Title: Pressure mounts on American Airlines CEO as carrier lags rivals
Type: Top News

Saved 3 news items to /news/data/2026-02-07/top_news.json

=== Random News Item ===
Fetching Top News...
Fetching World News...
Fetching US News...
Fetching Economic News...
Fetching Technology News...
Fetching Politics News...
Title: Trump administration equity stakes pose risks to U.S. companies and markets
Description: The Trump administration's growing portfolio of direct investments is unprecedented outside an economic crisis or wartime.
Type: Top News
Saved 1 news items to /news/data/2026-02-07/random_news.json
