=== Getting All News (Deduplicated) ===
Fetching Top News...
Fetching World News...
Fetching US News...
Fetching Economic News...
Error fetching Economic News: 'NoneType' object has no attribute 'text'
Fetching Technology News...
Fetching Politics News...
Total news items: 22

Saved 22 news items to /news/data/2026-03-12/all_news.json

=== Getting Top News Only ===
Fetching Top News...
Title: Strait of Hormuz must remain closed as 'tool to pressure enemy,' Iran's new supreme leader says
Type: Top News

Title: Trump tariffs: Martin Heinrich bill would give families tax rebate for higher import costs
Type: Top News

Title: Housing affordability bill clears Senate as investor ban creates headaches 
Type: Top News

Saved 3 news items to /news/data/2026-03-12/top_news.json

=== Random News Item ===
Fetching Top News...
Fetching World News...
Fetching US News...
Fetching Economic News...
Error fetching Economic News: 'NoneType' object has no attribute 'text'
Fetching Technology News...
Fetching Politics News...
Title: Strait of Hormuz must remain closed as 'tool to pressure enemy,' Iran's new supreme leader says
Description: Iran's new Supreme Leader Mojtaba Khamenei has said all U.S. military bases in the Middle East should close immediately as those bases will be attacked.
Type: Top News
Saved 1 news items to /news/data/2026-03-12/random_news.json
