=== Getting All News (Deduplicated) ===
Fetching Top News...
Fetching World News...
Fetching US News...
Fetching Economic News...
Fetching Technology News...
Fetching Politics News...
Total news items: 25

Saved 25 news items to /news/data/2026-02-02/all_news.json

=== Getting Top News Only ===
Fetching Top News...
Title: Trump says U.S. and India reached trade deal, will lower tariffs immediately
Type: Top News

Title: Friday's jobs report will be delayed because of the partial government shutdown
Type: Top News

Title: Here are the retailers with the most store openings and closures planned for 2026
Type: Top News

Saved 3 news items to /news/data/2026-02-02/top_news.json

=== Random News Item ===
Fetching Top News...
Fetching World News...
Fetching US News...
Fetching Economic News...
Fetching Technology News...
Fetching Politics News...
Title: From PopMart to JD.com: Britain and China rush to forge business deals as diplomatic thaw takes hold  
Description: Chinese firms moved to pledge hundreds of millions of investment in the U.K. as Starmer's visit to China spurred a flurry of business deals and money flows. 
Type: Economic News
Saved 1 news items to /news/data/2026-02-02/random_news.json
