=== Getting All News (Deduplicated) ===
Fetching Top News...
Fetching World News...
Fetching US News...
Fetching Economic News...
Fetching Technology News...
Fetching Politics News...
Total news items: 26

Saved 26 news items to /news/data/2026-02-11/all_news.json

=== Getting Top News Only ===
Fetching Top News...
Title: Here are the five key takeaways from the January jobs report
Type: Top News

Title: Tariff revenue soars more than 300% as U.S. awaits Supreme Court decision
Type: Top News

Title: Bill Ackman reveals stake in Meta, says it has 'deeply discounted valuation'
Type: Top News

Saved 3 news items to /news/data/2026-02-11/top_news.json

=== Random News Item ===
Fetching Top News...
Fetching World News...
Fetching US News...
Fetching Economic News...
Fetching Technology News...
Fetching Politics News...
Title: McDonald's is about to report earnings. Here's what to expect
Description: Buzzy promotions have helped McDonald's win over high-income consumers.
Type: US News
Saved 1 news items to /news/data/2026-02-11/random_news.json
