=== Getting All News (Deduplicated) ===
Fetching Top News...
Fetching World News...
Fetching US News...
Fetching Economic News...
Fetching Technology News...
Fetching Politics News...
Total news items: 27

Saved 27 news items to /news/data/2026-01-30/all_news.json

=== Getting Top News Only ===
Fetching Top News...
Title: Everything you need to know about Kevin Warsh, Trump's pick to lead the Federal Reserve
Type: Top News

Title: Silver drops 30%, gold tumbles 10% as Trump Warsh pick eases Fed independence fear, triggers dollar rally
Type: Top News

Title: Partial government shutdown on track for Saturday after Senate vote on funding deal stalled
Type: Top News

Saved 3 news items to /news/data/2026-01-30/top_news.json

=== Random News Item ===
Fetching Top News...
Fetching World News...
Fetching US News...
Fetching Economic News...
Fetching Technology News...
Fetching Politics News...
Title: Scenic trains, cruises and concerts: China’s new plan to get consumers spending again
Description: China rolled out a new work plan to boost services consumption as stimulus measures to boost households spending on goods have so far done little to lift demand.
Type: Economic News
Saved 1 news items to /news/data/2026-01-30/random_news.json
