=== Getting All News (Deduplicated) ===
Fetching Top News...
Fetching World News...
Fetching US News...
Fetching Economic News...
Fetching Technology News...
Fetching Politics News...
Error fetching Politics News: 'NoneType' object has no attribute 'text'
Total news items: 26

Saved 26 news items to /news/data/2026-05-10/all_news.json

=== Getting Top News Only ===
Fetching Top News...
Title: With Netflix new ad-free standard plan at $20, streaming's tipping point into old TV is getting closer
Type: Top News

Title: Meet the YouTube whisperers, a booming class of advisors behind MrBeast and other million-dollar channels
Type: Top News

Title: Target is trying to win back busy families from Walmart, starting with the baby aisle
Type: Top News

Saved 3 news items to /news/data/2026-05-10/top_news.json

=== Random News Item ===
Fetching Top News...
Fetching World News...
Fetching US News...
Fetching Economic News...
Fetching Technology News...
Fetching Politics News...
Error fetching Politics News: 'NoneType' object has no attribute 'text'
Title: Micron and Qualcomm are among the most overbought stocks this week. Here are the others
Description: A massive rally in memory chip stocks drove them to huge gains this week, but that's also left some of the highest fliers due for a possible decline soon.
Type: US News
Saved 1 news items to /news/data/2026-05-10/random_news.json
