=== Getting All News (Deduplicated) ===
Fetching Top News...
Fetching World News...
Fetching US News...
Fetching Economic News...
Fetching Technology News...
Fetching Politics News...
Total news items: 22

Saved 22 news items to /news/data/2026-04-03/all_news.json

=== Getting Top News Only ===
Fetching Top News...
Title: U.S. payrolls rose by 178,000 in March, more than expected; unemployment at 4.3%
Type: Top News

Title: U.S. fighter jet shot down in Iran, one crew member rescued, MS NOW reports
Type: Top News

Title: Trump threatens to destroy Iranian infrastructure, saying its government 'knows what has to be done'
Type: Top News

Saved 3 news items to /news/data/2026-04-03/top_news.json

=== Random News Item ===
Fetching Top News...
Fetching World News...
Fetching US News...
Fetching Economic News...
Fetching Technology News...
Fetching Politics News...
Title: Private sector hiring totaled 62,000 in March, better than expected, ADP says
Description: Private sector employment growth kept pace, but health care and construction continued to provide nearly all the momentum.
Type: Economic News
Saved 1 news items to /news/data/2026-04-03/random_news.json
