=== Getting All News (Deduplicated) ===
Fetching Top News...
Fetching World News...
Fetching US News...
Fetching Economic News...
Fetching Technology News...
Fetching Politics News...
Total news items: 24

Saved 24 news items to /news/data/2026-05-01/all_news.json

=== Getting Top News Only ===
Fetching Top News...
Title: Exxon Mobil CEO expects higher oil prices due to Iran war: ‘The market hasn’t seen the full impact’
Type: Top News

Title: Trump tells Congress hostilities in Iran 'have terminated' as War Powers deadline hits
Type: Top News

Title: Trump says government gave 'final' bailout proposal for Spirit Airlines as liquidation looms
Type: Top News

Saved 3 news items to /news/data/2026-05-01/top_news.json

=== Random News Item ===
Fetching Top News...
Fetching World News...
Fetching US News...
Fetching Economic News...
Fetching Technology News...
Fetching Politics News...
Title: Trump says government gave 'final' bailout proposal for Spirit Airlines as liquidation looms
Description: Talks with bondholders for a government bailout this week have not yet yielded a deal.
Type: Top News
Saved 1 news items to /news/data/2026-05-01/random_news.json
