=== Getting All News (Deduplicated) ===
Fetching Top News...
Fetching World News...
Fetching US News...
Fetching Economic News...
Fetching Technology News...
Fetching Politics News...
Total news items: 31

Saved 31 news items to /news/data/2026-03-23/all_news.json

=== Getting Top News Only ===
Fetching Top News...
Title: Trump tells CNBC 'we are very intent on making a deal' with Iran
Type: Top News

Title: Volume in stock and oil futures surged minutes before Trump's market-turning post
Type: Top News

Title: Chevron CEO says Iran war impact isn't fully priced into oil market, traders have ‘scant information’
Type: Top News

Saved 3 news items to /news/data/2026-03-23/top_news.json

=== Random News Item ===
Fetching Top News...
Fetching World News...
Fetching US News...
Fetching Economic News...
Fetching Technology News...
Fetching Politics News...
Title: Elizabeth Warren demands answers on costs, economic impact of 'illegal and reckless war'
Description: The liberal Democratic firebrand ripped President Donald Trump, whom she said has 'dragged the United States into an illegal and reckless war.'
Type: Economic News
Saved 1 news items to /news/data/2026-03-23/random_news.json
