=== Getting All News (Deduplicated) ===
Fetching Top News...
Fetching World News...
Fetching US News...
Fetching Economic News...
Fetching Technology News...
Fetching Politics News...
Total news items: 25

Saved 25 news items to /news/data/2026-10-09/all_news.json

=== Getting Top News Only ===
Fetching Top News...
Title: Americans' debt problems are flashing a warning not seen since the Great Recession
Type: Top News

Title: Tanker attacks in Strait of Hormuz surge to wartime high as Iran tries to choke off oil exports
Type: Top News

Title: Trump Media advisor Katie Zacharia offered White House press secretary role
Type: Top News

Saved 3 news items to /news/data/2026-10-09/top_news.json

=== Random News Item ===
Fetching Top News...
Fetching World News...
Fetching US News...
Fetching Economic News...
Fetching Technology News...
Fetching Politics News...
Title: AI agents like Muse can shop for you. Here's what that means for retail stocks
Description: For Amazon, Costco, and TJX, the rise of AI shopping agents presents challenges — and some surprising advantages.
Type: Technology News
Saved 1 news items to /news/data/2026-10-09/random_news.json
