=== Getting All News (Deduplicated) ===
Fetching Top News...
Fetching World News...
Fetching US News...
Error fetching US News: 'NoneType' object has no attribute 'text'
Fetching Economic News...
Fetching Technology News...
Fetching Politics News...
Total news items: 24

Saved 24 news items to /news/data/2026-04-20/all_news.json

=== Getting Top News Only ===
Fetching Top News...
Title: Trump threatens Iran again as ceasefire deadline looms, U.S. gears up for peace talks
Type: Top News

Title: Chair nominee Kevin Warsh says Fed must ‘stay in its lane’ to maintain independence
Type: Top News

Title: Tariff refunds begin on Monday. These retailers are due big paydays
Type: Top News

Saved 3 news items to /news/data/2026-04-20/top_news.json

=== Random News Item ===
Fetching Top News...
Fetching World News...
Fetching US News...
Fetching Economic News...
Fetching Technology News...
Fetching Politics News...
Title: Tariff refunds begin on Monday. These retailers are due big paydays
Description: U.S. importers, such as Walmart and Target, could be in line for billions in tariff refunds as the government launches its claims-filing portal on Monday.
Type: Top News
Saved 1 news items to /news/data/2026-04-20/random_news.json
