=== Getting All News (Deduplicated) ===
Fetching Top News...
Fetching World News...
Fetching US News...
Fetching Economic News...
Fetching Technology News...
Fetching Politics News...
Total news items: 26

Saved 26 news items to /news/data/2026-01-16/all_news.json

=== Getting Top News Only ===
Fetching Top News...
Title: Hassett pivots to possible 'Trump cards' amid credit card interest rate battle with banks
Type: Top News

Title: Trump floats new tariffs in push to acquire Greenland
Type: Top News

Title: Biggest offshore wind project in U.S. to resume construction after judge lifts Trump suspension
Type: Top News

Saved 3 news items to /news/data/2026-01-16/top_news.json

=== Random News Item ===
Fetching Top News...
Fetching World News...
Fetching US News...
Fetching Economic News...
Fetching Technology News...
Fetching Politics News...
Title: Biggest offshore wind project in U.S. to resume construction after judge lifts Trump suspension
Description: Coastal Virginia Offshore Wind will resume construction after a federal judge on Friday temporarily lifted the Trump administration's suspension. 
Type: Top News
Saved 1 news items to /news/data/2026-01-16/random_news.json
