=== Getting All News (Deduplicated) ===
Fetching Top News...
Fetching World News...
Fetching US News...
Fetching Economic News...
Fetching Technology News...
Fetching Politics News...
Total news items: 24

Saved 24 news items to /news/data/2026-02-05/all_news.json

=== Getting Top News Only ===
Fetching Top News...
Title: Bitcoin drops below $67,000 as sell-off intensifies and pessimism grows about crypto's function
Type: Top News

Title: Warren to call for reversal of Trump's UAE chip sales after 'Spy Sheikh' revelations
Type: Top News

Title: Trump would decide whether to investigate Fed pick Warsh over refusal to cut rates: Bessent
Type: Top News

Saved 3 news items to /news/data/2026-02-05/top_news.json

=== Random News Item ===
Fetching Top News...
Fetching World News...
Fetching US News...
Fetching Economic News...
Fetching Technology News...
Fetching Politics News...
Title: Jim Cramer spots 2 stocks to buy as market drops for a third straight day
Description: The Investing Club holds its "Morning Meeting" every weekday at 10:20 a.m. ET.
Type: Technology News
Saved 1 news items to /news/data/2026-02-05/random_news.json
