=== Getting All News (Deduplicated) ===
Fetching Top News...
Fetching World News...
Fetching US News...
Fetching Economic News...
Fetching Technology News...
Fetching Politics News...
Total news items: 26

Saved 26 news items to /news/data/2026-01-14/all_news.json

=== Getting Top News Only ===
Fetching Top News...
Title: Why the stock market keeps shrugging as Trump sows more political chaos
Type: Top News

Title: Trump, Denmark have 'fundamental disagreement' over Greenland but will keep talking, officials say
Type: Top News

Title: S&P 500 falls 1%, under pressure by tech; Bank of America, Wells Fargo slip after earnings: Live updates
Type: Top News

Saved 3 news items to /news/data/2026-01-14/top_news.json

=== Random News Item ===
Fetching Top News...
Fetching World News...
Fetching US News...
Fetching Economic News...
Fetching Technology News...
Fetching Politics News...
Title: Wholesale inflation was softer than expected, retail sales moved higher in November
Description: Wholesale prices moved up less than expected while consumers kept up a heavy buying pace, according to economic data Wednesday.
Type: Economic News
Saved 1 news items to /news/data/2026-01-14/random_news.json
