=== Getting All News (Deduplicated) ===
Fetching Top News...
Fetching World News...
Fetching US News...
Fetching Economic News...
Error fetching Economic News: 'NoneType' object has no attribute 'text'
Fetching Technology News...
Fetching Politics News...
Total news items: 20

Saved 20 news items to /news/data/2026-03-05/all_news.json

=== Getting Top News Only ===
Fetching Top News...
Title: U.S. crude oil tops $80 per barrel as escalating Iran war disrupts global fuel supplies
Type: Top News

Title: Trump taps Sen. Markwayne Mullin to replace Kristi Noem as DHS secretary
Type: Top News

Title: The February jobs numbers are coming out Friday. Here's what to expect
Type: Top News

Saved 3 news items to /news/data/2026-03-05/top_news.json

=== Random News Item ===
Fetching Top News...
Fetching World News...
Fetching US News...
Fetching Economic News...
Error fetching Economic News: 'NoneType' object has no attribute 'text'
Fetching Technology News...
Fetching Politics News...
Title: Broadcom CEO's copper commitment tanks Corning shares  — but sellers are mistaken
Description: Shares of Corning and other optical companies are sliding Thursday. 
Type: Technology News
Saved 1 news items to /news/data/2026-03-05/random_news.json
