=== Getting All News (Deduplicated) ===
Fetching Top News...
Fetching World News...
Fetching US News...
Fetching Economic News...
Fetching Technology News...
Fetching Politics News...
Total news items: 28

Saved 28 news items to /news/data/2026-05-16/all_news.json

=== Getting Top News Only ===
Fetching Top News...
Title: Dow loses more than 500 points Friday as tech slumps and yields spike: Live updates
Type: Top News

Title: Why Taiwan became the defining issue in the Trump-Xi talks
Type: Top News

Title: Trump went big on tech stocks in first quarter of 2026, new filings show
Type: Top News

Saved 3 news items to /news/data/2026-05-16/top_news.json

=== Random News Item ===
Fetching Top News...
Fetching World News...
Fetching US News...
Fetching Economic News...
Fetching Technology News...
Fetching Politics News...
Title: The bond market is flashing a warning over Iran. A veteran of energy geopolitics explains the risk
Description: Daleep Singh knows how energy and markets intersect. He sees trouble ahead.
Type: US News
Saved 1 news items to /news/data/2026-05-16/random_news.json
