=== Getting All News (Deduplicated) ===
Fetching Top News...
Fetching World News...
Fetching US News...
Fetching Economic News...
Fetching Technology News...
Fetching Politics News...
Total news items: 25

Saved 25 news items to /news/data/2026-02-06/all_news.json

=== Getting Top News Only ===
Fetching Top News...
Title: Dow surges more than 1,000 points to hit 50,000 for the first time in massive snapback from tech rout: Live updates
Type: Top News

Title: Nvidia rises 7% as Jensen Huang says $660 billion capex buildout is sustainable
Type: Top News

Title: Bitcoin gets slashed in half. What's behind the crypto's existential crisis
Type: Top News

Saved 3 news items to /news/data/2026-02-06/top_news.json

=== Random News Item ===
Fetching Top News...
Fetching World News...
Fetching US News...
Fetching Economic News...
Fetching Technology News...
Fetching Politics News...
Title: Interest rate outlook comes under scrutiny next week with jobs, inflation data on deck. Here's what's ahead
Description: January's nonfarm payrolls report and consumer price index could instill confidence in the market following a recent bout of panic selling.
Type: US News
Saved 1 news items to /news/data/2026-02-06/random_news.json
