=== Getting All News (Deduplicated) ===
Fetching Top News...
Fetching World News...
Fetching US News...
Fetching Economic News...
Fetching Technology News...
Fetching Politics News...
Error fetching Politics News: 'NoneType' object has no attribute 'text'
Total news items: 29

Saved 29 news items to /news/data/2026-01-23/all_news.json

=== Getting Top News Only ===
Fetching Top News...
Title: Wall Street braced for a private credit meltdown. The risk of one is rising
Type: Top News

Title: Sen. Warren blasts CFPB director for undermining Trump's credit card affordability push
Type: Top News

Title: Trump's push for Greenland mineral rights could block China's access to rare earths
Type: Top News

Saved 3 news items to /news/data/2026-01-23/top_news.json

=== Random News Item ===
Fetching Top News...
Fetching World News...
Fetching US News...
Fetching Economic News...
Fetching Technology News...
Fetching Politics News...
Title: Trump withdraws 'Board of Peace' invitation to Carney in widening rift with Canada
Description: Trump said he has withdrawn the invitation to Canada to join the new Board of Peace, days after Carney warned against economic coercion by superpowers.
Type: Economic News
Saved 1 news items to /news/data/2026-01-23/random_news.json
