=== Getting All News (Deduplicated) ===
Fetching Top News...
Error fetching Top News: 'NoneType' object has no attribute 'text'
Fetching World News...
Fetching US News...
Error fetching US News: 'NoneType' object has no attribute 'text'
Fetching Economic News...
Fetching Technology News...
Fetching Politics News...
Error fetching Politics News: 'NoneType' object has no attribute 'text'
Total news items: 18

Saved 18 news items to /news/data/2026-04-09/all_news.json

=== Getting Top News Only ===
Fetching Top News...
Error fetching Top News: 'NoneType' object has no attribute 'text'
Title: Stocks gain for a second day on hope Iran ceasefire can be sustained: Live updates
Type: Top News

Title: The Strait of Hormuz is not open as Iran controls access after ceasefire, UAE oil CEO says
Type: Top News

Saved 2 news items to /news/data/2026-04-09/top_news.json

=== Random News Item ===
Fetching Top News...
Error fetching Top News: 'NoneType' object has no attribute 'text'
Fetching World News...
Fetching US News...
Error fetching US News: 'NoneType' object has no attribute 'text'
Fetching Economic News...
Fetching Technology News...
Fetching Politics News...
Error fetching Politics News: 'NoneType' object has no attribute 'text'
Title: Iran oil shock stirs memories of 1997 Asian Financial Crisis — but here’s why history may not repeat itself 
Description: The Hormuz disruption is hammering Asian economies with surging energy costs and weakening currencies, but a repeat of the crisis three decades ago is unlikely.
Type: Economic News
Saved 1 news items to /news/data/2026-04-09/random_news.json
