=== Getting All News (Deduplicated) ===
Fetching Top News...
Fetching World News...
Fetching US News...
Fetching Economic News...
Error fetching Economic News: 'NoneType' object has no attribute 'text'
Fetching Technology News...
Fetching Politics News...
Total news items: 24

Saved 24 news items to /news/data/2026-03-17/all_news.json

=== Getting Top News Only ===
Fetching Top News...
Title: Iran targets UAE energy infrastructure as gas field set ablaze, tanker struck near Strait of Hormuz
Type: Top News

Title: U.S. counterterrorism director Joe Kent resigns over war: 'Iran posed no imminent threat'
Type: Top News

Title: Tesla to buy $4.3 billion of LG Energy battery cells from disbanded GM plant
Type: Top News

Saved 3 news items to /news/data/2026-03-17/top_news.json

=== Random News Item ===
Fetching Top News...
Fetching World News...
Fetching US News...
Fetching Economic News...
Fetching Technology News...
Fetching Politics News...
Title: SAVE Act: Senate poised to take first vote on Trump-backed voter-ID bill
Description: Senators are expected to debate the election bill over the coming days and even weeks.
Type: US News
Saved 1 news items to /news/data/2026-03-17/random_news.json
