=== Getting All News (Deduplicated) ===
Fetching Top News...
Fetching World News...
Fetching US News...
Fetching Economic News...
Fetching Technology News...
Fetching Politics News...
Total news items: 26

Saved 26 news items to /news/data/2026-09-07/all_news.json

=== Getting Top News Only ===
Fetching Top News...
Title: Oil prices rise to 6-week high after Iran and U.S. trade blows, Saudi Aramco facilities reportedly hit
Type: Top News

Title: Trump says Bombardier can't sell in U.S. unless Canada aerospace giant builds there
Type: Top News

Title: Trump says he's made 'Hundreds of Billions of Dollars on Stocks' for the U.S., in stream of AI posts
Type: Top News

Saved 3 news items to /news/data/2026-09-07/top_news.json

=== Random News Item ===
Fetching Top News...
Fetching World News...
Fetching US News...
Fetching Economic News...
Fetching Technology News...
Fetching Politics News...
Title: Trump turns up the heat on Warsh as Fed rate hike looms
Description: Ten days ahead of the next Federal Reserve meeting, the Trump administration looks to be in a full-court press to halt a rate hike in its tracks.
Type: Economic News
Saved 1 news items to /news/data/2026-09-07/random_news.json
