=== Getting All News (Deduplicated) ===
Fetching Top News...
Fetching World News...
Error fetching World News: 'NoneType' object has no attribute 'text'
Fetching US News...
Fetching Economic News...
Fetching Technology News...
Fetching Politics News...
Total news items: 24

Saved 24 news items to /news/data/2026-04-13/all_news.json

=== Getting Top News Only ===
Fetching Top News...
Title: U.S. begins blockade in Strait of Hormuz; Trump warns Iran 'attack ships' to stay away
Type: Top News

Title: BlackRock raises view on U.S. stocks on belief that war is over, profits are up
Type: Top News

Title: Oracle pops 11%, leading bounce back rally in software stocks
Type: Top News

Saved 3 news items to /news/data/2026-04-13/top_news.json

=== Random News Item ===
Fetching Top News...
Fetching World News...
Fetching US News...
Fetching Economic News...
Fetching Technology News...
Fetching Politics News...
Title: Trump deletes Truth Social image depicting him as Jesus: 'I thought it was me as a doctor'
Description: President Donald Trump in May 2025 posted an apparent AI image depicting himself as a Catholic pope after the death of Pope Francis.
Type: US News
Saved 1 news items to /news/data/2026-04-13/random_news.json
