=== Getting All News (Deduplicated) ===
Fetching Top News...
Fetching World News...
Fetching US News...
Fetching Economic News...
Fetching Technology News...
Fetching Politics News...
Total news items: 26

Saved 26 news items to /news/data/2026-04-16/all_news.json

=== Getting Top News Only ===
Fetching Top News...
Title: U.S. Navy blockade of Iran enters fourth day. Here’s the latest tanker traffic in Strait of Hormuz
Type: Top News

Title: Michael Burry buys the dip in Salesforce and other software stocks after AI-fueled sell-off
Type: Top News

Title: Kevin Warsh wants to lead a scandal-ridden Fed. His wealth is a complication.
Type: Top News

Saved 3 news items to /news/data/2026-04-16/top_news.json

=== Random News Item ===
Fetching Top News...
Fetching World News...
Fetching US News...
Fetching Economic News...
Fetching Technology News...
Fetching Politics News...
Title: Cattle prices soar to record highs as grilling season heats up
Description: Cattle futures contracts have jumped more than 25% over the past 12 months as ranchers face rising costs and cut the size of herds. 
Type: Economic News
Saved 1 news items to /news/data/2026-04-16/random_news.json
