=== Getting All News (Deduplicated) ===
Fetching Top News...
Fetching World News...
Fetching US News...
Fetching Economic News...
Fetching Technology News...
Fetching Politics News...
Total news items: 28

Saved 28 news items to /news/data/2026-01-20/all_news.json

=== Getting Top News Only ===
Fetching Top News...
Title: Danish pension fund to sell $100 million in Treasurys, citing 'poor' U.S. government finances
Type: Top News

Title: Trump's Greenland tariff threats could be upended by Supreme Court decision
Type: Top News

Title: Stock market rout picks up steam with the Dow down 800 points and the S&P 500 on pace for worst drop in 3 months: Live updates
Type: Top News

Saved 3 news items to /news/data/2026-01-20/top_news.json

=== Random News Item ===
Fetching Top News...
Fetching World News...
Fetching US News...
Fetching Economic News...
Fetching Technology News...
Fetching Politics News...
Title: Jerome Powell could stay at the Fed even after being removed as chair. Here's what that means
Description: The saga over President Donald Trump's efforts to reshape the Federal Reserve has another twist.
Type: US News
Saved 1 news items to /news/data/2026-01-20/random_news.json
