=== Getting All News (Deduplicated) ===
Fetching Top News...
Fetching World News...
Fetching US News...
Fetching Economic News...
Fetching Technology News...
Fetching Politics News...
Total news items: 27

Saved 27 news items to /news/data/2026-04-18/all_news.json

=== Getting Top News Only ===
Fetching Top News...
Title: Iran says Strait of Hormuz is closed again as vessels attempting to cross come under fire
Type: Top News

Title: We spoke to over 30 central bankers, policymakers and politicians. Here are their top concerns
Type: Top News

Title: Berkshire shares left behind as S&P 500 rallies to record high
Type: Top News

Saved 3 news items to /news/data/2026-04-18/top_news.json

=== Random News Item ===
Fetching Top News...
Fetching World News...
Fetching US News...
Fetching Economic News...
Fetching Technology News...
Fetching Politics News...
Title: Trump signs order to speed review of psychedelics, including the controversial drug ibogaine
Description: Ibogaine is banned under the federal government's most restrictive category for illegal, high-risk drugs.
Type: Politics News
Saved 1 news items to /news/data/2026-04-18/random_news.json
