=== Getting All News (Deduplicated) ===
Fetching Top News...
Fetching World News...
Fetching US News...
Fetching Economic News...
Fetching Technology News...
Fetching Politics News...
Total news items: 24

Saved 24 news items to /news/data/2026-03-07/all_news.json

=== Getting Top News Only ===
Fetching Top News...
Title: Kuwait cuts oil production as Strait of Hormuz closure disrupts global energy market
Type: Top News

Title: Iran says it struck UAE air base shortly after Iranian president's vow not to hit neighbors
Type: Top News

Title: Iran war could make affordability bigger issue in 2026 elections
Type: Top News

Saved 3 news items to /news/data/2026-03-07/top_news.json

=== Random News Item ===
Fetching Top News...
Fetching World News...
Fetching US News...
Fetching Economic News...
Fetching Technology News...
Fetching Politics News...
Title: How China is challenging the U.S. to become the next great space power 
Description: A new report warns that the U.S. could lose its dominance in space to China in the next few years.
Type: US News
Saved 1 news items to /news/data/2026-03-07/random_news.json
