=== Getting All News (Deduplicated) ===
Fetching Top News...
Fetching World News...
Fetching US News...
Fetching Economic News...
Fetching Technology News...
Fetching Politics News...
Total news items: 25

Saved 25 news items to /news/data/2026-04-22/all_news.json

=== Getting Top News Only ===
Fetching Top News...
Title: Kevin Warsh gave his preferred way for measuring inflation. It could come back to bite him
Type: Top News

Title: Bessent says 'many' U.S. allies have asked for currency swaps amid Iran war turbulence
Type: Top News

Title: Tesla earnings don't really matter to the stock anymore. What Wall Street is watching for
Type: Top News

Saved 3 news items to /news/data/2026-04-22/top_news.json

=== Random News Item ===
Fetching Top News...
Fetching World News...
Fetching US News...
Fetching Economic News...
Fetching Technology News...
Fetching Politics News...
Title: Trump extends Iran ceasefire — but market focus has already drifted elsewhere 
Description: Prospects for further negotiations remain uncertain, with Tehran and Washington offering conflicting signals on the ceasefire's status. 
Type: Economic News
Saved 1 news items to /news/data/2026-04-22/random_news.json
