=== Getting All News (Deduplicated) ===
Fetching Top News...
Fetching World News...
Fetching US News...
Fetching Economic News...
Fetching Technology News...
Fetching Politics News...
Total news items: 23

Saved 23 news items to /news/data/2026-02-20/all_news.json

=== Getting Top News Only ===
Fetching Top News...
Title: Trump announces new 10% global tariff after raging over Supreme Court loss
Type: Top News

Title: Supreme Court Trump tariffs ruling could put U.S. on hook for $175 billion in refunds, estimate says
Type: Top News

Title: S&P 500 jumps after Supreme Court knocks down Trump’s emergency tariffs: Live updates
Type: Top News

Saved 3 news items to /news/data/2026-02-20/top_news.json

=== Random News Item ===
Fetching Top News...
Fetching World News...
Fetching US News...
Fetching Economic News...
Fetching Technology News...
Fetching Politics News...
Title: Tesla loses bid to toss $243 million verdict in fatal Autopilot crash suit
Description: A federal judge in Miami denied Tesla's bid to overturn a $243 million jury verdict in a high-profile lawsuit over a fatal Autopilot crash.
Type: US News
Saved 1 news items to /news/data/2026-02-20/random_news.json
