=== Getting All News (Deduplicated) ===
Fetching Top News...
Fetching World News...
Fetching US News...
Fetching Economic News...
Fetching Technology News...
Fetching Politics News...
Total news items: 26

Saved 26 news items to /news/data/2026-02-14/all_news.json

=== Getting Top News Only ===
Fetching Top News...
Title: U.S. and European interests are 'intertwined,' Secretary of State Rubio says
Type: Top News

Title: Trump says he will issue executive order to get voter-ID requirements before midterms
Type: Top News

Title: TSA agents are working without pay at U.S. airports due to another partial government shutdown
Type: Top News

Saved 3 news items to /news/data/2026-02-14/top_news.json

=== Random News Item ===
Fetching Top News...
Fetching World News...
Fetching US News...
Fetching Economic News...
Fetching Technology News...
Fetching Politics News...
Title: It's been a big — but rocky — week for AI models from China. Here's what's happened
Description: New AI models launched by China's biggest players underscore how the country's companies are keeping up with the U.S. 
Type: World News
Saved 1 news items to /news/data/2026-02-14/random_news.json
