=== Getting All News (Deduplicated) ===
Fetching Top News...
Fetching World News...
Fetching US News...
Fetching Economic News...
Fetching Technology News...
Fetching Politics News...
Total news items: 25

Saved 25 news items to /news/data/2026-05-20/all_news.json

=== Getting Top News Only ===
Fetching Top News...
Title: Nvidia earnings live updates: The key numbers to watch for in the report
Type: Top News

Title: Bezos defends billionaires, hypes AI, talks taxes and praises Trump in major CNBC interview
Type: Top News

Title: U.S. crude oil falls below $100 per barrel after Trump says Iran talks in final stages
Type: Top News

Saved 3 news items to /news/data/2026-05-20/top_news.json

=== Random News Item ===
Fetching Top News...
Fetching World News...
Fetching US News...
Fetching Economic News...
Fetching Technology News...
Fetching Politics News...
Title: The AI economy is rewriting the American Dream — and blue-collar workers are poised to win
Description: AI-driven hiring slowdowns are hitting some entry-level jobs for college graduates as companies like Ford and AT&T ramp up recruiting for skilled trade workers.
Type: Economic News
Saved 1 news items to /news/data/2026-05-20/random_news.json
