=== Getting All News (Deduplicated) ===
Fetching Top News...
Fetching World News...
Fetching US News...
Fetching Economic News...
Fetching Technology News...
Fetching Politics News...
Error fetching Politics News: 'NoneType' object has no attribute 'text'
Total news items: 20

Saved 20 news items to /news/data/2026-09-05/all_news.json

=== Getting Top News Only ===
Fetching Top News...
Title: Trump turns up the heat on Warsh as Fed rate hike looms
Type: Top News

Title: GM vs. Ford: U.S. defense, energy sectors add to automakers' century-old rivalry
Type: Top News

Title: Meet the CISO: A new front line star in the AI cybersecurity war
Type: Top News

Saved 3 news items to /news/data/2026-09-05/top_news.json

=== Random News Item ===
Fetching Top News...
Fetching World News...
Fetching US News...
Fetching Economic News...
Fetching Technology News...
Fetching Politics News...
Error fetching Politics News: 'NoneType' object has no attribute 'text'
Title: Trump turns up the heat on Warsh as Fed rate hike looms
Description: Ten days ahead of the next Federal Reserve meeting, the Trump administration looks to be in a full-court press to halt a rate hike in its tracks.
Type: Top News
Saved 1 news items to /news/data/2026-09-05/random_news.json
