=== Getting All News (Deduplicated) ===
Fetching Top News...
Fetching World News...
Fetching US News...
Fetching Economic News...
Fetching Technology News...
Fetching Politics News...
Total news items: 23

Saved 23 news items to /news/data/2026-04-15/all_news.json

=== Getting Top News Only ===
Fetching Top News...
Title: Here are all the ways the Iran war has affected the U.S. economy so far
Type: Top News

Title: White House budget chief Russell Vought won't estimate Iran war cost in testimony
Type: Top News

Title: Regulators are reportedly zeroing in on suspicious trades ahead of market-moving Trump post
Type: Top News

Saved 3 news items to /news/data/2026-04-15/top_news.json

=== Random News Item ===
Fetching Top News...
Fetching World News...
Fetching US News...
Fetching Economic News...
Fetching Technology News...
Fetching Politics News...
Title: A few tankers and ships are going through the Strait of Hormuz. Here's the latest traffic
Description: Tanker transits Tuesday were 90% below traffic before the U.S. and Israel attacked Iran, according to shipping data. 
Type: World News
Saved 1 news items to /news/data/2026-04-15/random_news.json
