=== Getting All News (Deduplicated) ===
Fetching Top News...
Fetching World News...
Fetching US News...
Fetching Economic News...
Fetching Technology News...
Fetching Politics News...
Total news items: 28

Saved 28 news items to /news/data/2026-03-03/all_news.json

=== Getting Top News Only ===
Fetching Top News...
Title: Iran live updates: Trump says Navy will escort tankers through Strait of Hormuz
Type: Top News

Title: Trump administration offers shifting narrative for U.S. war in Iran as Democrats pounce
Type: Top News

Title: Wall Street playbook says buy when war breaks out. How this time could be different
Type: Top News

Saved 3 news items to /news/data/2026-03-03/top_news.json

=== Random News Item ===
Fetching Top News...
Fetching World News...
Fetching US News...
Fetching Economic News...
Fetching Technology News...
Fetching Politics News...
Title: New York Fed's Williams says tariff burden falls 'overwhelmingly' on U.S. businesses and consumers
Description: Williams said that not only were the tariffs being felt at home, but they also were keeping the Fed from reaching its 2% inflation goal. 
Type: US News
Saved 1 news items to /news/data/2026-03-03/random_news.json
