=== Getting All News (Deduplicated) ===
Fetching Top News...
Fetching World News...
Fetching US News...
Fetching Economic News...
Fetching Technology News...
Fetching Politics News...
Total news items: 26

Saved 26 news items to /news/data/2026-03-01/all_news.json

=== Getting Top News Only ===
Fetching Top News...
Title: Live updates: Trump tells CNBC that Iran military operations are 'ahead of schedule'
Type: Top News

Title: U.S. crude oil set to top $70 a barrel when trading begins on fears of Iran supply disruption
Type: Top News

Title: Iran may 'lash out harder' as Khamenei's death puts Tehran on a war footing, leaving the world bracing for what's next
Type: Top News

Saved 3 news items to /news/data/2026-03-01/top_news.json

=== Random News Item ===
Fetching Top News...
Fetching World News...
Fetching US News...
Fetching Economic News...
Fetching Technology News...
Fetching Politics News...
Title: China's Honor shows off smartphone with robotic camera arm and teases a humanoid robot
Description: Honor debuted a Robot Phone on Sunday at the Mobile World Congress as it looks to stand out from rivals like Samsung and Apple in the smartphone market. 
Type: Technology News
Saved 1 news items to /news/data/2026-03-01/random_news.json
