=== Getting All News (Deduplicated) ===
Fetching Top News...
Fetching World News...
Fetching US News...
Fetching Economic News...
Fetching Technology News...
Fetching Politics News...
Total news items: 28

Saved 28 news items to /news/data/2026-01-17/all_news.json

=== Getting Top News Only ===
Fetching Top News...
Title: Trump: NATO members to face tariffs increasing to 25% until a Greenland purchase deal is struck
Type: Top News

Title: Trump threatens to sue JPMorgan Chase for 'debanking' him
Type: Top News

Title: Warren Buffett on parenting, horse betting and why he stopped talking politics
Type: Top News

Saved 3 news items to /news/data/2026-01-17/top_news.json

=== Random News Item ===
Fetching Top News...
Fetching World News...
Fetching US News...
Fetching Economic News...
Fetching Technology News...
Fetching Politics News...
Title: Trump tells Hassett he wants to keep him where he is; Warsh Fed chair odds jump
Description: Trump, without explicitly stating his decision, said he'd prefer to keep Hassett in his position as top economic advisor.
Type: Economic News
Saved 1 news items to /news/data/2026-01-17/random_news.json
