=== Getting All News (Deduplicated) ===
Fetching Top News...
Fetching World News...
Fetching US News...
Fetching Economic News...
Fetching Technology News...
Fetching Politics News...
Total news items: 26

Saved 26 news items to /news/data/2026-03-18/all_news.json

=== Getting Top News Only ===
Fetching Top News...
Title: Fed votes to hold rates steady, notes 'uncertain' impacts from Iran war
Type: Top News

Title: Trump waives U.S. shipping law for 60 days to steady oil market
Type: Top News

Title: Dow tumbles 600 points to session low as inflation fears hurt stocks: Live updates
Type: Top News

Saved 3 news items to /news/data/2026-03-18/top_news.json

=== Random News Item ===
Fetching Top News...
Fetching World News...
Fetching US News...
Fetching Economic News...
Fetching Technology News...
Fetching Politics News...
Title: Dow tumbles 600 points to session low as inflation fears hurt stocks: Live updates
Description: The three major averages posted back-to-back gains on Tuesday, even as oil prices ended the session higher. Traders are now awaiting the Fed's policy decision.
Type: Top News
Saved 1 news items to /news/data/2026-03-18/random_news.json
