#0 building with "default" instance using docker driver

#1 [internal] load build definition from Dockerfile
#1 transferring dockerfile: 392B done
#1 DONE 0.0s

#2 [internal] load metadata for docker.io/library/python:3.12.9
#2 DONE 2.3s

#3 [internal] load .dockerignore
#3 transferring context: 2B done
#3 DONE 0.0s

#4 [1/5] FROM docker.io/library/python:3.12.9@sha256:4ece045a9078331fad2da10fe3313fff96cecc429365def92c540cc17d9b1579
#4 DONE 0.0s

#5 [internal] load build context
#5 transferring context: 613.18kB 0.6s done
#5 DONE 0.7s

#6 [2/5] WORKDIR /news
#6 CACHED

#7 [3/5] COPY requirements.txt .
#7 CACHED

#8 [4/5] RUN pip install -r requirements.txt
#8 CACHED

#9 [5/5] COPY . .
#9 DONE 2.0s

#10 exporting to image
#10 exporting layers
#10 exporting layers 1.4s done
#10 writing image sha256:cab51d249c21f78f53277b28e00122f43c28cfb072b0e4e80e56ff3d4953913e done
#10 naming to docker.io/library/news done
#10 DONE 1.4s
