=== Getting All News (Deduplicated) ===
Fetching Top News...
Error fetching Top News: 'NoneType' object has no attribute 'text'
Fetching World News...
Fetching US News...
Fetching Economic News...
Fetching Technology News...
Fetching Politics News...
Error fetching Politics News: 'NoneType' object has no attribute 'text'
Total news items: 18

Saved 18 news items to /news/data/2026-04-08/all_news.json

=== Getting Top News Only ===
Fetching Top News...
Error fetching Top News: 'NoneType' object has no attribute 'text'
Saved 0 news items to /news/data/2026-04-08/top_news.json

=== Random News Item ===
Fetching Top News...
Error fetching Top News: 'NoneType' object has no attribute 'text'
Fetching World News...
Fetching US News...
Fetching Economic News...
Fetching Technology News...
Fetching Politics News...
Error fetching Politics News: 'NoneType' object has no attribute 'text'
Title: Trump threatens tariffs of 50% on countries 'supplying military weapons to Iran' 
Description: President Donald Trump says the U.S. will impose tariffs of 50% on goods imported to the country from any nation "supplying military weapons to Iran."
Type: World News
Saved 1 news items to /news/data/2026-04-08/random_news.json
