=== Getting All News (Deduplicated) ===
Fetching Top News...
Fetching World News...
Fetching US News...
Fetching Economic News...
Fetching Technology News...
Fetching Politics News...
Total news items: 26

Saved 26 news items to /news/data/2026-05-12/all_news.json

=== Getting Top News Only ===
Fetching Top News...
Title: It's not just Iran and oil raising inflation. Prices also are reaccelerating in these other areas
Type: Top News

Title: The stock market isn't ignoring Iran. It's rising for these three very real reasons
Type: Top News

Title: Trump says Makary is out as FDA commissioner, following industry and White House backlash
Type: Top News

Saved 3 news items to /news/data/2026-05-12/top_news.json

=== Random News Item ===
Fetching Top News...
Fetching World News...
Fetching US News...
Fetching Economic News...
Fetching Technology News...
Fetching Politics News...
Title: Here's the inflation breakdown for April 2026 — in one chart
Description: The Iran war has pushed up gasoline, groceries and other prices for consumers.
Type: World News
Saved 1 news items to /news/data/2026-05-12/random_news.json
