=== Getting All News (Deduplicated) ===
Fetching Top News...
Fetching World News...
Fetching US News...
Fetching Economic News...
Fetching Technology News...
Fetching Politics News...
Total news items: 25

Saved 25 news items to /news/data/2026-02-01/all_news.json

=== Getting Top News Only ===
Fetching Top News...
Title: Speaker Johnson: 'Confident' government shutdown will end by Tuesday
Type: Top News

Title: 'Melania' earns a surprising $7 million, best non-music documentary debut in a decade
Type: Top News

Title: Epstein files: Ro Khanna says DOJ's latest release is 'not good enough'
Type: Top News

Saved 3 news items to /news/data/2026-02-01/top_news.json

=== Random News Item ===
Fetching Top News...
Fetching World News...
Fetching US News...
Fetching Economic News...
Fetching Technology News...
Fetching Politics News...
Title: India's finance minister projects modest fiscal consolidation in budget
Description: Nirmala Sitharaman sees small improvements in fiscal deficit and debt-to-GDP ratio
Type: World News
Saved 1 news items to /news/data/2026-02-01/random_news.json
