=== Getting All News (Deduplicated) ===
Fetching Top News...
Fetching World News...
Fetching US News...
Fetching Economic News...
Fetching Technology News...
Fetching Politics News...
Total news items: 25

Saved 25 news items to /news/data/2026-02-21/all_news.json

=== Getting Top News Only ===
Fetching Top News...
Title: Trump to hike global tariffs to 15% from 10%, 'effective immediately'
Type: Top News

Title: Airlines waive change fees ahead of another monster winter storm
Type: Top News

Title: Chaos, confusion and $200 billion dreams: What I saw at India’s AI summit
Type: Top News

Saved 3 news items to /news/data/2026-02-21/top_news.json

=== Random News Item ===
Fetching Top News...
Fetching World News...
Fetching US News...
Fetching Economic News...
Fetching Technology News...
Fetching Politics News...
Title: Five key takeaways from the Supreme Court's landmark decision against Trump's tariffs
Description: What's far less certain is the longer-reaching impacts as the economy and markets again adjust to a changing landscape.
Type: US News
Saved 1 news items to /news/data/2026-02-21/random_news.json
