=== Getting All News (Deduplicated) ===
Fetching Top News...
Fetching World News...
Fetching US News...
Fetching Economic News...
Fetching Technology News...
Fetching Politics News...
Total news items: 24

Saved 24 news items to /news/data/2026-04-02/all_news.json

=== Getting Top News Only ===
Fetching Top News...
Title: Iran and Oman drafting protocol to 'monitor' Hormuz Strait traffic: IRNA
Type: Top News

Title: Trump fires Attorney General Pam Bondi
Type: Top News

Title: The March jobs report will be released on Friday. Here's what to expect
Type: Top News

Saved 3 news items to /news/data/2026-04-02/top_news.json

=== Random News Item ===
Fetching Top News...
Fetching World News...
Fetching US News...
Fetching Economic News...
Fetching Technology News...
Fetching Politics News...
Title: The March jobs report will be released on Friday. Here's what to expect
Description: The U.S. economy is projected to show job gains of 59,000 in March, with the unemployment rate holding at 4.4%.
Type: Top News
Saved 1 news items to /news/data/2026-04-02/random_news.json
