=== Getting All News (Deduplicated) ===
Fetching Top News...
Fetching World News...
Fetching US News...
Fetching Economic News...
Fetching Technology News...
Fetching Politics News...
Total news items: 26

Saved 26 news items to /news/data/2026-01-13/all_news.json

=== Getting Top News Only ===
Fetching Top News...
Title: Here’s the inflation breakdown for December 2025 — in one chart
Type: Top News

Title: Warren Buffett was still searching for that elephant to buy in his final months as Berkshire CEO
Type: Top News

Title: Oil prices rise 3% after Trump cancels meetings with Iran, tells protesters help is on the way
Type: Top News

Saved 3 news items to /news/data/2026-01-13/top_news.json

=== Random News Item ===
Fetching Top News...
Fetching World News...
Fetching US News...
Fetching Economic News...
Fetching Technology News...
Fetching Politics News...
Title: Oil prices rise 3% after Trump cancels meetings with Iran, tells protesters help is on the way
Description: President Donald Trump has repeatedly threatened to intervene if the Islamic Republic kills protestors. 
Type: Top News
Saved 1 news items to /news/data/2026-01-13/random_news.json
