=== Getting All News (Deduplicated) ===
Fetching Top News...
Fetching World News...
Fetching US News...
Fetching Economic News...
Fetching Technology News...
Fetching Politics News...
Total news items: 28

Saved 28 news items to /news/data/2026-03-30/all_news.json

=== Getting Top News Only ===
Fetching Top News...
Title: Powell sees inflation outlook in check, no need to hike rates because of oil shock
Type: Top News

Title: Trump says U.S. will destroy Iran’s oil wells, Kharg Island without deal to 'immediately' reopen Hormuz Strait
Type: Top News

Title: Bill Ackman says it’s one of the best times in a long time to buy quality stocks
Type: Top News

Saved 3 news items to /news/data/2026-03-30/top_news.json

=== Random News Item ===
Fetching Top News...
Fetching World News...
Fetching US News...
Fetching Economic News...
Fetching Technology News...
Fetching Politics News...
Title: New fees, fewer flights: Higher fuel prices pinch consumer budgets beyond the gas pump
Description: As corporate policies change, Americans will feel higher oil prices in their wallets beyond the gas pump.
Type: Economic News
Saved 1 news items to /news/data/2026-03-30/random_news.json
