=== Getting All News (Deduplicated) ===
Fetching Top News...
Fetching World News...
Fetching US News...
Fetching Economic News...
Fetching Technology News...
Fetching Politics News...
Total news items: 23

Saved 23 news items to /news/data/2026-09-08/all_news.json

=== Getting Top News Only ===
Fetching Top News...
Title: Bombardier points out U.S. footprint after Trump says aerospace giant must build in America
Type: Top News

Title: New Hampshire goes to the polls in primary for key open Senate seat
Type: Top News

Title: U.S. sanctions Iranian airlines in aim to tighten economic squeeze as war spreads, oil rises 
Type: Top News

Saved 3 news items to /news/data/2026-09-08/top_news.json

=== Random News Item ===
Fetching Top News...
Fetching World News...
Fetching US News...
Fetching Economic News...
Fetching Technology News...
Fetching Politics News...
Title: Jim Cramer calls this chipmaker one of his top 6 stocks to buy now
Description: Several positive developments have strengthened our investment thesis.
Type: Technology News
Saved 1 news items to /news/data/2026-09-08/random_news.json
