=== Getting All News (Deduplicated) ===
Fetching Top News...
Fetching World News...
Fetching US News...
Fetching Economic News...
Fetching Technology News...
Fetching Politics News...
Total news items: 24

Saved 24 news items to /news/data/2026-03-11/all_news.json

=== Getting Top News Only ===
Fetching Top News...
Title: Chubb set as main U.S. insurer for Persian Gulf shipping amid Iran war
Type: Top News

Title: Iran war: Trump says he's not worried about domestic terror attack
Type: Top News

Title: Food prices could rise as Iran conflict disrupts fertilizer supply chain
Type: Top News

Saved 3 news items to /news/data/2026-03-11/top_news.json

=== Random News Item ===
Fetching Top News...
Fetching World News...
Fetching US News...
Fetching Economic News...
Fetching Technology News...
Fetching Politics News...
Title: U.S. deficit tops $1 trillion through February but runs below year-ago pace
Description: For the fiscal year to date, the deficit totaled $1.004 trillion, about 12% lower than the comparable period in 2025.
Type: US News
Saved 1 news items to /news/data/2026-03-11/random_news.json
