=== Getting All News (Deduplicated) ===
Fetching Top News...
Fetching World News...
Fetching US News...
Fetching Economic News...
Fetching Technology News...
Fetching Politics News...
Total news items: 25

Saved 25 news items to /news/data/2026-03-25/all_news.json

=== Getting Top News Only ===
Fetching Top News...
Title: Iran rejects U.S. ceasefire offer, demands sovereignty over Strait of Hormuz
Type: Top News

Title: Jury in Los Angeles finds Meta, YouTube negligent in social media addiction trial
Type: Top News

Title: White House says Trump will meet Xi in China in May
Type: Top News

Saved 3 news items to /news/data/2026-03-25/top_news.json

=== Random News Item ===
Fetching Top News...
Fetching World News...
Fetching US News...
Fetching Economic News...
Fetching Technology News...
Fetching Politics News...
Title: Don't be fooled by the UK's pre-war inflation print — a 'brutal' surge could be coming 
Description: The U.K. inflation rate stood firm at 3% in February, according to the latest figures from the Office for National Statistics (ONS).
Type: Economic News
Saved 1 news items to /news/data/2026-03-25/random_news.json
