=== Getting All News (Deduplicated) ===
Fetching Top News...
Fetching World News...
Fetching US News...
Fetching Economic News...
Fetching Technology News...
Fetching Politics News...
Total news items: 26

Saved 26 news items to /news/data/2026-09-21/all_news.json

=== Getting Top News Only ===
Fetching Top News...
Title: Paramount and state AGs settle lawsuit, allowing Warner Bros. merger to proceed
Type: Top News

Title: AMD hits $1 trillion market cap for the first time as stock rides 5-day rally
Type: Top News

Title: White House TV pool won't cover Trump after press ban: CNN
Type: Top News

Saved 3 news items to /news/data/2026-09-21/top_news.json

=== Random News Item ===
Fetching Top News...
Fetching World News...
Fetching US News...
Fetching Economic News...
Fetching Technology News...
Fetching Politics News...
Title: Flights disrupted into Newark, New York, Philadelphia after cut Verizon cable
Description: An FAA equipment problem snarled air travel at Newark Liberty International Airport and Philadelphia International Airport Monday.
Type: US News
Saved 1 news items to /news/data/2026-09-21/random_news.json
