=== Getting All News (Deduplicated) ===
Fetching Top News...
Fetching World News...
Fetching US News...
Fetching Economic News...
Fetching Technology News...
Fetching Politics News...
Total news items: 25

Saved 25 news items to /news/data/2026-08-28/all_news.json

=== Getting Top News Only ===
Fetching Top News...
Title: Analysis: Kevin Warsh sharpens inflation warning at Jackson Hole, signaling possible rate hike
Type: Top News

Title: Trump loses bid to transfer New York hush money case to federal court
Type: Top News

Title: Apple hikes subscription prices for Apple TV and Apple One in the U.S.
Type: Top News

Saved 3 news items to /news/data/2026-08-28/top_news.json

=== Random News Item ===
Fetching Top News...
Fetching World News...
Fetching US News...
Fetching Economic News...
Fetching Technology News...
Fetching Politics News...
Title: Apple hikes subscription prices for Apple TV and Apple One in the U.S.
Description: Apple raised prices for Apple Music by $1 per month in July, citing licensing costs.
Type: Top News
Saved 1 news items to /news/data/2026-08-28/random_news.json
