=== Getting All News (Deduplicated) ===
Fetching Top News...
Fetching World News...
Fetching US News...
Fetching Economic News...
Fetching Technology News...
Fetching Politics News...
Total news items: 28

Saved 28 news items to /news/data/2026-04-29/all_news.json

=== Getting Top News Only ===
Fetching Top News...
Title: Fed holds rates steady but with highest level of dissent since 1992
Type: Top News

Title: Jerome Powell says he will continue to serve as a Fed governor, calls Trump criticism 'unprecedented'
Type: Top News

Title: Bill Ackman's Pershing Square USA starts trading well below IPO price
Type: Top News

Saved 3 news items to /news/data/2026-04-29/top_news.json

=== Random News Item ===
Fetching Top News...
Fetching World News...
Fetching US News...
Fetching Economic News...
Fetching Technology News...
Fetching Politics News...
Title: Jerome Powell says he will continue to serve as a Fed governor, calls Trump criticism 'unprecedented'
Description: Powell addressed the question of whether he will stay on as a Board of Governors member after his term as chair ends.
Type: Top News
Saved 1 news items to /news/data/2026-04-29/random_news.json
