=== Getting All News (Deduplicated) ===
Fetching Top News...
Fetching World News...
Fetching US News...
Fetching Economic News...
Fetching Technology News...
Fetching Politics News...
Total news items: 27

Saved 27 news items to /news/data/2026-03-26/all_news.json

=== Getting Top News Only ===
Fetching Top News...
Title: Trump says Iran let 10 oil ships through Strait of Hormuz as 'present' to U.S.
Type: Top News

Title: Major outgoing CEOs are citing AI as a factor in their decisions to step down
Type: Top News

Title: MLB faces a historic shift as potential lockout, media rights and other league changes loom
Type: Top News

Saved 3 news items to /news/data/2026-03-26/top_news.json

=== Random News Item ===
Fetching Top News...
Fetching World News...
Fetching US News...
Fetching Economic News...
Fetching Technology News...
Fetching Politics News...
Title: Don't be fooled by the UK's pre-war inflation print — a 'brutal' surge could be coming 
Description: The U.K. inflation rate stood firm at 3% in February, according to the latest figures from the Office for National Statistics (ONS).
Type: Economic News
Saved 1 news items to /news/data/2026-03-26/random_news.json
