=== Getting All News (Deduplicated) ===
Fetching Top News...
Fetching World News...
Fetching US News...
Fetching Economic News...
Fetching Technology News...
Fetching Politics News...
Total news items: 22

Saved 22 news items to /news/data/2026-08-26/all_news.json

=== Getting Top News Only ===
Fetching Top News...
Title: Nvidia earnings live updates: Q2 results, memory prices and AI outlook
Type: Top News

Title: Federal judge lifts final block on Trump mail-in voting order, clearing way for midterm restrictions
Type: Top News

Title: Apple sets iPhone launch event for Sept. 9, first under new CEO John Ternus 
Type: Top News

Saved 3 news items to /news/data/2026-08-26/top_news.json

=== Random News Item ===
Fetching Top News...
Fetching World News...
Fetching US News...
Fetching Economic News...
Fetching Technology News...
Fetching Politics News...
Title: Fed’s preferred inflation gauge shows core prices rose 3.3% annually in July
Description: The personal consumption expenditures price index was expected to rise 0.1% monthly and 3.6% on a 12-month basis, according to economists surveyed by Dow Jones.
Type: Economic News
Saved 1 news items to /news/data/2026-08-26/random_news.json
