=== Getting All News (Deduplicated) ===
Fetching Top News...
Fetching World News...
Fetching US News...
Fetching Economic News...
Fetching Technology News...
Fetching Politics News...
Total news items: 26

Saved 26 news items to /news/data/2026-01-06/all_news.json

=== Getting Top News Only ===
Fetching Top News...
Title: Venezuela bonds are the hottest trade on Wall Street this week. But there are big risks from here
Type: Top News

Title: Prediction markets show rising odds Trump seizes Panama Canal, moves on Greenland
Type: Top News

Title: Republican Rep. Doug LaMalfa dies at 65
Type: Top News

Saved 3 news items to /news/data/2026-01-06/top_news.json

=== Random News Item ===
Fetching Top News...
Fetching World News...
Fetching US News...
Fetching Economic News...
Fetching Technology News...
Fetching Politics News...
Title: Resolution to block Trump from invading Greenland introduced by Sen. Gallego
Description: Concerns about U.S. action against Greenland have grown after the U.S. attack on Venezuela, which led to the capture of leader Nicolas Maduro.
Type: US News
Saved 1 news items to /news/data/2026-01-06/random_news.json
