=== Getting All News (Deduplicated) ===
Fetching Top News...
Fetching World News...
Fetching US News...
Fetching Economic News...
Fetching Technology News...
Fetching Politics News...
Total news items: 27

Saved 27 news items to /news/data/2026-01-28/all_news.json

=== Getting Top News Only ===
Fetching Top News...
Title: Fed holds key interest rate steady as economic view improves
Type: Top News

Title: S&P 500 hovers just under 7,000 as Fed stays on hold, Treasury yields tick higher: Live updates
Type: Top News

Title: Trump is not worried by a weak dollar. Why the president and investors should be
Type: Top News

Saved 3 news items to /news/data/2026-01-28/top_news.json

=== Random News Item ===
Fetching Top News...
Fetching World News...
Fetching US News...
Fetching Economic News...
Fetching Technology News...
Fetching Politics News...
Title: Crypto PAC Fairshake touts $193 million war chest as regulatory bill faces first vote
Description: "With the midterms approaching, we are united behind our mission with Fairshake continuing to oppose anti-crypto politicians," the PAC's spokesperson said.
Type: US News
Saved 1 news items to /news/data/2026-01-28/random_news.json
