=== Getting All News (Deduplicated) ===
Fetching Top News...
Fetching World News...
Fetching US News...
Fetching Economic News...
Fetching Technology News...
Fetching Politics News...
Total news items: 27

Saved 27 news items to /news/data/2026-10-04/all_news.json

=== Getting Top News Only ===
Fetching Top News...
Title: Sports betting is increasingly the norm for Gen Z.  Here’s why some financial and mental health experts are worried
Type: Top News

Title: Supreme Court Justice Alito said he's 'thought about' retirement as Senate control hangs in balance
Type: Top News

Title: Ukraine’s surprise robot offensive exposes a vulnerability in Putin’s war machine
Type: Top News

Saved 3 news items to /news/data/2026-10-04/top_news.json

=== Random News Item ===
Fetching Top News...
Fetching World News...
Fetching US News...
Fetching Economic News...
Fetching Technology News...
Fetching Politics News...
Title: Chick-fil-A wants to stay a family business even as it expands in the U.S. and abroad
Description: Chick-fil-A has been expanding into new international markets and growing its menu under CEO Andrew Cathy.
Type: US News
Saved 1 news items to /news/data/2026-10-04/random_news.json
