=== Getting All News (Deduplicated) ===
Fetching Top News...
Error fetching Top News: HTTPSConnectionPool(host='search.cnbc.com', port=443): Max retries exceeded with url: /rs/search/combinedcms/view.xml?partnerId=wrss01&id=100003114 (Caused by NameResolutionError("HTTPSConnection(host='search.cnbc.com', port=443): Failed to resolve 'search.cnbc.com' ([Errno -3] Temporary failure in name resolution)"))
Fetching World News...
Error fetching World News: HTTPSConnectionPool(host='search.cnbc.com', port=443): Max retries exceeded with url: /rs/search/combinedcms/view.xml?partnerId=wrss01&id=100727362 (Caused by NameResolutionError("HTTPSConnection(host='search.cnbc.com', port=443): Failed to resolve 'search.cnbc.com' ([Errno -3] Temporary failure in name resolution)"))
Fetching US News...
Error fetching US News: HTTPSConnectionPool(host='search.cnbc.com', port=443): Max retries exceeded with url: /rs/search/combinedcms/view.xml?partnerId=wrss01&id=15837362 (Caused by NameResolutionError("HTTPSConnection(host='search.cnbc.com', port=443): Failed to resolve 'search.cnbc.com' ([Errno -3] Temporary failure in name resolution)"))
Fetching Economic News...
Error fetching Economic News: HTTPSConnectionPool(host='search.cnbc.com', port=443): Max retries exceeded with url: /rs/search/combinedcms/view.xml?partnerId=wrss01&id=20910258 (Caused by NameResolutionError("HTTPSConnection(host='search.cnbc.com', port=443): Failed to resolve 'search.cnbc.com' ([Errno -3] Temporary failure in name resolution)"))
Fetching Technology News...
Error fetching Technology News: HTTPSConnectionPool(host='search.cnbc.com', port=443): Max retries exceeded with url: /rs/search/combinedcms/view.xml?partnerId=wrss01&id=19854910 (Caused by NameResolutionError("HTTPSConnection(host='search.cnbc.com', port=443): Failed to resolve 'search.cnbc.com' ([Errno -3] Temporary failure in name resolution)"))
Fetching Politics News...
Error fetching Politics News: HTTPSConnectionPool(host='search.cnbc.com', port=443): Max retries exceeded with url: /rs/search/combinedcms/view.xml?partnerId=wrss01&id=10000113 (Caused by NameResolutionError("HTTPSConnection(host='search.cnbc.com', port=443): Failed to resolve 'search.cnbc.com' ([Errno -3] Temporary failure in name resolution)"))
Total news items: 0

Saved 0 news items to /news/data/2026-09-14/all_news.json

=== Getting Top News Only ===
Fetching Top News...
Error fetching Top News: HTTPSConnectionPool(host='search.cnbc.com', port=443): Max retries exceeded with url: /rs/search/combinedcms/view.xml?partnerId=wrss01&id=100003114 (Caused by NameResolutionError("HTTPSConnection(host='search.cnbc.com', port=443): Failed to resolve 'search.cnbc.com' ([Errno -3] Temporary failure in name resolution)"))
Saved 0 news items to /news/data/2026-09-14/top_news.json

=== Random News Item ===
Fetching Top News...
Error fetching Top News: HTTPSConnectionPool(host='search.cnbc.com', port=443): Max retries exceeded with url: /rs/search/combinedcms/view.xml?partnerId=wrss01&id=100003114 (Caused by NameResolutionError("HTTPSConnection(host='search.cnbc.com', port=443): Failed to resolve 'search.cnbc.com' ([Errno -3] Temporary failure in name resolution)"))
Fetching World News...
Error fetching World News: HTTPSConnectionPool(host='search.cnbc.com', port=443): Max retries exceeded with url: /rs/search/combinedcms/view.xml?partnerId=wrss01&id=100727362 (Caused by NameResolutionError("HTTPSConnection(host='search.cnbc.com', port=443): Failed to resolve 'search.cnbc.com' ([Errno -3] Temporary failure in name resolution)"))
Fetching US News...
Error fetching US News: HTTPSConnectionPool(host='search.cnbc.com', port=443): Max retries exceeded with url: /rs/search/combinedcms/view.xml?partnerId=wrss01&id=15837362 (Caused by NameResolutionError("HTTPSConnection(host='search.cnbc.com', port=443): Failed to resolve 'search.cnbc.com' ([Errno -3] Temporary failure in name resolution)"))
Fetching Economic News...
Error fetching Economic News: HTTPSConnectionPool(host='search.cnbc.com', port=443): Max retries exceeded with url: /rs/search/combinedcms/view.xml?partnerId=wrss01&id=20910258 (Caused by NameResolutionError("HTTPSConnection(host='search.cnbc.com', port=443): Failed to resolve 'search.cnbc.com' ([Errno -3] Temporary failure in name resolution)"))
Fetching Technology News...
Error fetching Technology News: HTTPSConnectionPool(host='search.cnbc.com', port=443): Max retries exceeded with url: /rs/search/combinedcms/view.xml?partnerId=wrss01&id=19854910 (Caused by NameResolutionError("HTTPSConnection(host='search.cnbc.com', port=443): Failed to resolve 'search.cnbc.com' ([Errno -3] Temporary failure in name resolution)"))
Fetching Politics News...
Error fetching Politics News: HTTPSConnectionPool(host='search.cnbc.com', port=443): Max retries exceeded with url: /rs/search/combinedcms/view.xml?partnerId=wrss01&id=10000113 (Caused by NameResolutionError("HTTPSConnection(host='search.cnbc.com', port=443): Failed to resolve 'search.cnbc.com' ([Errno -3] Temporary failure in name resolution)"))
