=== Getting All News (Deduplicated) ===
Fetching Top News...
Fetching World News...
Fetching US News...
Fetching Economic News...
Fetching Technology News...
Fetching Politics News...
Total news items: 26

Saved 26 news items to /news/data/2026-05-13/all_news.json

=== Getting Top News Only ===
Fetching Top News...
Title: Trump arrives in Beijing with CEOs ahead of Xi meetings 
Type: Top News

Title: Wholesale inflation jumps 6% in April on annual basis, biggest increase since 2022
Type: Top News

Title: Kevin Warsh wins Senate confirmation as the next Federal Reserve chair
Type: Top News

Saved 3 news items to /news/data/2026-05-13/top_news.json

=== Random News Item ===
Fetching Top News...
Fetching World News...
Fetching US News...
Fetching Economic News...
Fetching Technology News...
Fetching Politics News...
Title: It's not just Iran and oil raising inflation. Prices also are reaccelerating in these other areas
Description: Here's some of the places where prices are rising fast for consumers.
Type: Economic News
Saved 1 news items to /news/data/2026-05-13/random_news.json
