=== Getting All News (Deduplicated) ===
Fetching Top News...
Fetching World News...
Fetching US News...
Fetching Economic News...
Fetching Technology News...
Fetching Politics News...
Total news items: 22

Saved 22 news items to /news/data/2026-02-17/all_news.json

=== Getting Top News Only ===
Fetching Top News...
Title: Amazon has lost $450 billion in value during this historic losing streak. Here's what's dragging it down
Type: Top News

Title: Ford to follow Tesla Cybertruck with electrical tech in new EV pickup
Type: Top News

Title: Iran partially closes Strait of Hormuz, a vital oil choke point, as Tehran holds talks with U.S.
Type: Top News

Saved 3 news items to /news/data/2026-02-17/top_news.json

=== Random News Item ===
Fetching Top News...
Fetching World News...
Fetching US News...
Fetching Economic News...
Fetching Technology News...
Fetching Politics News...
Title: Democrats send Trump DHS funding counteroffer as agency shutdown grinds on
Description: Congressional Democrats and the White House remain deadlocked in negotiations to reopen the Department of Homeland Security, which shuttered over the weekend.
Type: Politics News
Saved 1 news items to /news/data/2026-02-17/random_news.json
