=== Getting All News (Deduplicated) ===
Fetching Top News...
Fetching World News...
Fetching US News...
Fetching Economic News...
Fetching Technology News...
Fetching Politics News...
Total news items: 27

Saved 27 news items to /news/data/2026-10-01/all_news.json

=== Getting Top News Only ===
Fetching Top News...
Title: Brent oil jumps more than 4% as U.S. reportedly sends third aircraft carrier to Middle East
Type: Top News

Title: Trump Accounts have auto-enrolled more than 60 million children, Treasury says
Type: Top News

Title: The September jobs report will be released Friday. Here's what to expect
Type: Top News

Saved 3 news items to /news/data/2026-10-01/top_news.json

=== Random News Item ===
Fetching Top News...
Fetching World News...
Fetching US News...
Fetching Economic News...
Fetching Technology News...
Fetching Politics News...
Title: Former LinkedIn chief Roslansky to leave Microsoft, following other exec departures
Description: Gaming head Phil Spencer and Office leader Rajesh Jha both left this year, and Charlie Bell, the company's head of security, became an individual contributor.
Type: US News
Saved 1 news items to /news/data/2026-10-01/random_news.json
