=== Getting All News (Deduplicated) ===
Fetching Top News...
Error fetching Top News: 'NoneType' object has no attribute 'text'
Fetching World News...
Fetching US News...
Fetching Economic News...
Fetching Technology News...
Fetching Politics News...
Error fetching Politics News: 'NoneType' object has no attribute 'text'
Total news items: 19

Saved 19 news items to /news/data/2026-04-07/all_news.json

=== Getting Top News Only ===
Fetching Top News...
Title: Trump warns Iran’s ‘whole civilization will die tonight’ unless deal struck
Type: Top News

Title: Apple shares sink on report of foldable iPhone delays
Type: Top News

Title: Used car prices rise to highest point since summer 2023
Type: Top News

Saved 3 news items to /news/data/2026-04-07/top_news.json

=== Random News Item ===
Fetching Top News...
Fetching World News...
Fetching US News...
Fetching Economic News...
Fetching Technology News...
Fetching Politics News...
Error fetching Politics News: 'NoneType' object has no attribute 'text'
Title: Bill Gates interview about Jeffrey Epstein by House Oversight set for June 10
Description: The House Oversight Committee also will interview billionaire Ted Waitt about his dealings with Epstein on April 30.
Type: US News
Saved 1 news items to /news/data/2026-04-07/random_news.json
