=== Getting All News (Deduplicated) ===
Fetching Top News...
Fetching World News...
Fetching US News...
Fetching Economic News...
Fetching Technology News...
Fetching Politics News...
Total news items: 26

Saved 26 news items to /news/data/2026-10-10/all_news.json

=== Getting Top News Only ===
Fetching Top News...
Title: Vance says Microsoft replaced laid-off workers with foreign hires. Here’s what the visa data shows
Type: Top News

Title: Nvidia GPUs are everywhere. Here are the ways companies are accessing them
Type: Top News

Title: Trump's diesel agreement with Putin accused of contradicting Russia sanctions law 
Type: Top News

Saved 3 news items to /news/data/2026-10-10/top_news.json

=== Random News Item ===
Fetching Top News...
Fetching World News...
Fetching US News...
Fetching Economic News...
Fetching Technology News...
Fetching Politics News...
Title: The world needs Ukraine’s grain. Its farmers are running out of reasons to plant
Description: Cash-strapped farmers have no incentive to sow for 2027 with exports remaining trapped, as analysts say commodity markets could "flip fast."
Type: World News
Saved 1 news items to /news/data/2026-10-10/random_news.json
