=== Getting All News (Deduplicated) ===
Fetching Top News...
Fetching World News...
Fetching US News...
Fetching Economic News...
Error fetching Economic News: 'NoneType' object has no attribute 'text'
Fetching Technology News...
Fetching Politics News...
Total news items: 23

Saved 23 news items to /news/data/2026-03-16/all_news.json

=== Getting Top News Only ===
Fetching Top News...
Title: Nvidia's GTC will mark an AI chip pivot. Here's why the CPU is taking center stage
Type: Top News

Title: U.S. is allowing Iranian oil tankers through Strait of Hormuz, says Bessent
Type: Top News

Title: Bill Gurley on AI bubble: A bunch of people got rich quick and a reset is coming
Type: Top News

Saved 3 news items to /news/data/2026-03-16/top_news.json

=== Random News Item ===
Fetching Top News...
Fetching World News...
Fetching US News...
Fetching Economic News...
Fetching Technology News...
Fetching Politics News...
Title: Why traders are getting nervous about Iran's $200 oil warning as the conflict drags on
Description: Analysts told CNBC that the prospect of oil prices soaring to $200 per barrel shouldn’t be ruled out as the Iran war drags on.
Type: US News
Saved 1 news items to /news/data/2026-03-16/random_news.json
