=== Getting All News (Deduplicated) ===
Fetching Top News...
Fetching World News...
Fetching US News...
Fetching Economic News...
Fetching Technology News...
Fetching Politics News...
Total news items: 26

Saved 26 news items to /news/data/2026-04-10/all_news.json

=== Getting Top News Only ===
Fetching Top News...
Title: Consumer sentiment hits record low, inflation fears rise amid Iran war
Type: Top News

Title: Trump praises Palantir with stock down 15% this week as Iran conflict drags on
Type: Top News

Title: Michael Burry says he's still betting against Palantir after Trump post boosts stock
Type: Top News

Saved 3 news items to /news/data/2026-04-10/top_news.json

=== Random News Item ===
Fetching Top News...
Fetching World News...
Fetching US News...
Fetching Economic News...
Fetching Technology News...
Fetching Politics News...
Title: Trump praises Palantir with stock down 15% this week as Iran conflict drags on
Description: Palantir's Maven platform have reportedly been used in the U.S. military campaign in Iran.
Type: Top News
Saved 1 news items to /news/data/2026-04-10/random_news.json
