=== Getting All News (Deduplicated) ===
Fetching Top News...
Fetching World News...
Fetching US News...
Fetching Economic News...
Fetching Technology News...
Fetching Politics News...
Total news items: 22

Saved 22 news items to /news/data/2026-01-29/all_news.json

=== Getting Top News Only ===
Fetching Top News...
Title: Software stocks enter bear market on AI disruption fear with ServiceNow plunging 12%
Type: Top News

Title: Trade deficit soared 94% in November and was higher than a year ago, despite tariff efforts
Type: Top News

Title: Funding bill fails to clear key Senate procedural vote before shutdown deadline
Type: Top News

Saved 3 news items to /news/data/2026-01-29/top_news.json

=== Random News Item ===
Fetching Top News...
Fetching World News...
Fetching US News...
Fetching Economic News...
Fetching Technology News...
Fetching Politics News...
Title: Funding bill fails to clear key Senate procedural vote before shutdown deadline
Description: Democrats are demanding changes to the way federal immigration agents work after the shooting deaths of two U.S. citizens.
Type: Top News
Saved 1 news items to /news/data/2026-01-29/random_news.json
