=== Getting All News (Deduplicated) ===
Fetching Top News...
Fetching World News...
Fetching US News...
Fetching Economic News...
Fetching Technology News...
Fetching Politics News...
Total news items: 24

Saved 24 news items to /news/data/2026-09-19/all_news.json

=== Getting Top News Only ===
Fetching Top News...
Title: Consumer sentiment is in the dumps despite a solid economy. Goldman Sachs blames 'lower happiness'
Type: Top News

Title: MS NOW, CNN and Politico journalists blocked from White House after Trump ban
Type: Top News

Title: The AI kill switch, explained: 'It's not too little, but it's probably too late'
Type: Top News

Saved 3 news items to /news/data/2026-09-19/top_news.json

=== Random News Item ===
Fetching Top News...
Fetching World News...
Fetching US News...
Fetching Economic News...
Fetching Technology News...
Fetching Politics News...
Title: MS NOW, CNN and Politico journalists blocked from White House after Trump ban
Description: Journalists from MS NOW, CNN and Politico were denied access to the White House, one day after Trump banned three media outlets over their coverage of him.
Type: Top News
Saved 1 news items to /news/data/2026-09-19/random_news.json
