=== Getting All News (Deduplicated) ===
Fetching Top News...
Fetching World News...
Fetching US News...
Fetching Economic News...
Fetching Technology News...
Fetching Politics News...
Total news items: 25

Saved 25 news items to /news/data/2026-09-27/all_news.json

=== Getting Top News Only ===
Fetching Top News...
Title: Debt-hungry AI companies face increased risk as bond yields spike
Type: Top News

Title: At NFL games this season, drone defense tech aims to bring down disruptions
Type: Top News

Title: Wall Street money takes back over from small investors as driving force of the stock market
Type: Top News

Saved 3 news items to /news/data/2026-09-27/top_news.json

=== Random News Item ===
Fetching Top News...
Fetching World News...
Fetching US News...
Fetching Economic News...
Fetching Technology News...
Fetching Politics News...
Title: China saw 'surprise' jump in U.S. orders ahead of Trump-Xi summit, private survey shows
Description: A private survey shows a rebound in China's exports to the U.S. as companies position for continued stability between the world's two largest economies.
Type: Economic News
Saved 1 news items to /news/data/2026-09-27/random_news.json
