=== Getting All News (Deduplicated) ===
Fetching Top News...
Error fetching Top News: 'NoneType' object has no attribute 'text'
Fetching World News...
Error fetching World News: 'NoneType' object has no attribute 'text'
Fetching US News...
Error fetching US News: 'NoneType' object has no attribute 'text'
Fetching Economic News...
Fetching Technology News...
Fetching Politics News...
Error fetching Politics News: 'NoneType' object has no attribute 'text'
Total news items: 12

Saved 12 news items to /news/data/2026-01-21/all_news.json

=== Getting Top News Only ===
Fetching Top News...
Error fetching Top News: 'NoneType' object has no attribute 'text'
Saved 0 news items to /news/data/2026-01-21/top_news.json

=== Random News Item ===
Fetching Top News...
Error fetching Top News: 'NoneType' object has no attribute 'text'
Fetching World News...
Error fetching World News: 'NoneType' object has no attribute 'text'
Fetching US News...
Error fetching US News: 'NoneType' object has no attribute 'text'
Fetching Economic News...
Fetching Technology News...
Fetching Politics News...
Error fetching Politics News: 'NoneType' object has no attribute 'text'
Title: China says trade deal with U.S. will 'drain Taiwan’s economy' for American benefits
Description: China doubled down its rhetorics on the trade agreement between Taiwan and the U.S., saying it would benefit Washington while eroding the island's strategic advantages. 
Type: Economic News
Saved 1 news items to /news/data/2026-01-21/random_news.json
