=== Getting All News (Deduplicated) ===
Fetching Top News...
Error fetching Top News: 'NoneType' object has no attribute 'text'
Fetching World News...
Error fetching World News: 'NoneType' object has no attribute 'text'
Fetching US News...
Fetching Economic News...
Fetching Technology News...
Fetching Politics News...
Total news items: 21

Saved 21 news items to /news/data/2026-09-11/all_news.json

=== Getting Top News Only ===
Fetching Top News...
Error fetching Top News: 'NoneType' object has no attribute 'text'
Title: Here’s the inflation breakdown for August 2026 — in one chart
Type: Top News

Title: Analysis: Hot inflation data sets up a Fed rate hike. What happens if Warsh wavers
Type: Top News

Saved 2 news items to /news/data/2026-09-11/top_news.json

=== Random News Item ===
Fetching Top News...
Error fetching Top News: 'NoneType' object has no attribute 'text'
Fetching World News...
Error fetching World News: 'NoneType' object has no attribute 'text'
Fetching US News...
Fetching Economic News...
Fetching Technology News...
Fetching Politics News...
Title: U.S. crude oil falls back below $100 but heads to weekly gain
Description: The decline snapped multiday winning streaks for both Brent and WTI crude oil futures.
Type: World News
Saved 1 news items to /news/data/2026-09-11/random_news.json
