=== Getting All News (Deduplicated) ===
Fetching Top News...
Fetching World News...
Fetching US News...
Fetching Economic News...
Fetching Technology News...
Fetching Politics News...
Total news items: 24

Saved 24 news items to /news/data/2026-09-25/all_news.json

=== Getting Top News Only ===
Fetching Top News...
Title: Saudi Arabia crude oil exports hit highest level since Iran war began despite pipeline outage
Type: Top News

Title:  Meta's 'powerful breakout' sets up a unique trading strategy, says Mike Khouw
Type: Top News

Title: CEO who posted 'Lake America' sweatshirt photos is no longer with the company
Type: Top News

Saved 3 news items to /news/data/2026-09-25/top_news.json

=== Random News Item ===
Fetching Top News...
Fetching World News...
Fetching US News...
Fetching Economic News...
Fetching Technology News...
Fetching Politics News...
Title: Saudi Arabia crude oil exports hit highest level since Iran war began despite pipeline outage
Description: Saudi exports are rising despite escalating attacks on its infrastructure from Iran-backed militants in Yemen and Iraq.
Type: Top News
Saved 1 news items to /news/data/2026-09-25/random_news.json
