=== Getting All News (Deduplicated) ===
Fetching Top News...
Fetching World News...
Fetching US News...
Fetching Economic News...
Fetching Technology News...
Fetching Politics News...
Total news items: 23

Saved 23 news items to /news/data/2026-10-07/all_news.json

=== Getting Top News Only ===
Fetching Top News...
Title: Fed officials see another hike coming, but no sign as to when, minutes show
Type: Top News

Title: Supertanker chartered from Gulf Coast to China for $76 million, 10 times higher than pre-war level
Type: Top News

Title: 10-year Treasury yield backs off from 24-year high after solid bond auction eases demand fears
Type: Top News

Saved 3 news items to /news/data/2026-10-07/top_news.json

=== Random News Item ===
Fetching Top News...
Fetching World News...
Fetching US News...
Fetching Economic News...
Fetching Technology News...
Fetching Politics News...
Title: Trump doesn't think Russia plague incident is bioweapon, plans Putin call Wednesday
Description: Nearly 200 people were placed under medical observation earlier this week in Russia's Irkutsk region in eastern Siberia over suspected exposure to plague.
Type: US News
Saved 1 news items to /news/data/2026-10-07/random_news.json
