=== Getting All News (Deduplicated) ===
Fetching Top News...
Fetching World News...
Fetching US News...
Fetching Economic News...
Fetching Technology News...
Fetching Politics News...
Total news items: 28

Saved 28 news items to /news/data/2026-04-12/all_news.json

=== Getting Top News Only ===
Fetching Top News...
Title: Trump says U.S. will blockade Strait of Hormuz after Iran peace talks fail
Type: Top News

Title: Hungary opposition Tisza could win election, final opinion polls suggest
Type: Top News

Title: ‘The Super Mario Galaxy Movie’ rockets to $629 million worldwide at the box office
Type: Top News

Saved 3 news items to /news/data/2026-04-12/top_news.json

=== Random News Item ===
Fetching Top News...
Fetching World News...
Fetching US News...
Fetching Economic News...
Fetching Technology News...
Fetching Politics News...
Title: Allies yank support for Swalwell’s California governor run after sexual assault allegations
Description: Rep. Eric Swalwell was among the leading Democrats in the race to replace outgoing Gov. Gavin Newsom.
Type: Politics News
Saved 1 news items to /news/data/2026-04-12/random_news.json
