=== Getting All News (Deduplicated) ===
Fetching Top News...
Fetching World News...
Fetching US News...
Fetching Economic News...
Fetching Technology News...
Fetching Politics News...
Total news items: 24

Saved 24 news items to /news/data/2026-02-28/all_news.json

=== Getting Top News Only ===
Fetching Top News...
Title: Iran live updates: U.S. and Israel launch strikes, Trump dubs attack 'Operation Epic Fury'
Type: Top News

Title: How the attack on Iran could impact the global oil market and economy
Type: Top News

Title: Berkshire Hathaway operating earnings fell nearly 30% in Warren Buffett's final quarter as CEO
Type: Top News

Saved 3 news items to /news/data/2026-02-28/top_news.json

=== Random News Item ===
Fetching Top News...
Fetching World News...
Fetching US News...
Fetching Economic News...
Fetching Technology News...
Fetching Politics News...
Title: Trump insists trade deals safe after Supreme Court ruling upends tariff authority, but partners aren’t so sure
Description: The Supreme Court decision to strike down Trump's tariffs has thrown fresh confusion over the raft of trade deals negotiated with global partners, stalling trade talks.  
Type: Economic News
Saved 1 news items to /news/data/2026-02-28/random_news.json
