=== Getting All News (Deduplicated) ===
Fetching Top News...
Fetching World News...
Fetching US News...
Fetching Economic News...
Fetching Technology News...
Fetching Politics News...
Total news items: 25

Saved 25 news items to /news/data/2026-09-24/all_news.json

=== Getting Top News Only ===
Fetching Top News...
Title: Senate narrowly votes down resolution calling for end to Iran war
Type: Top News

Title: Surging Treasury yields pose a brand new problem for Kevin Warsh and the Fed
Type: Top News

Title: Pete Hegseth reports at least $3.1 million in cash, investments and Bitcoin
Type: Top News

Saved 3 news items to /news/data/2026-09-24/top_news.json

=== Random News Item ===
Fetching Top News...
Fetching World News...
Fetching US News...
Fetching Economic News...
Fetching Technology News...
Fetching Politics News...
Title: Surging Treasury yields pose a brand new problem for Kevin Warsh and the Fed
Description: Markets expect the central bank will take a firmer hand on inflation. It's not that easy.
Type: Top News
Saved 1 news items to /news/data/2026-09-24/random_news.json
