=== Getting All News (Deduplicated) ===
Fetching Top News...
Fetching World News...
Fetching US News...
Fetching Economic News...
Fetching Technology News...
Fetching Politics News...
Total news items: 26

Saved 26 news items to /news/data/2026-04-06/all_news.json

=== Getting Top News Only ===
Fetching Top News...
Title: S&P 500 rises slightly as investors hope for last-minute Iran ceasefire: Live updates
Type: Top News

Title: Trump says Iran ceasefire proposal 'significant' but 'not good enough' as Hormuz Strait deadline nears
Type: Top News

Title: Robinhood, BNY to build Trump accounts app
Type: Top News

Saved 3 news items to /news/data/2026-04-06/top_news.json

=== Random News Item ===
Fetching Top News...
Fetching World News...
Fetching US News...
Fetching Economic News...
Fetching Technology News...
Fetching Politics News...
Title: The March jobs report will be released on Friday. Here's what to expect
Description: The U.S. economy is projected to show job gains of 59,000 in March, with the unemployment rate holding at 4.4%.
Type: Economic News
Saved 1 news items to /news/data/2026-04-06/random_news.json
