=== Getting All News (Deduplicated) ===
Fetching Top News...
Fetching World News...
Fetching US News...
Fetching Economic News...
Fetching Technology News...
Fetching Politics News...
Total news items: 26

Saved 26 news items to /news/data/2026-09-30/all_news.json

=== Getting Top News Only ===
Fetching Top News...
Title: Crude oil exports through the Strait of Hormuz hit prewar levels, but fuel shipments remain constrained
Type: Top News

Title: Fed watchdog finds renovation failures, but no grounds for criminal referral
Type: Top News

Title: Commerce Secretary Howard Lutnick reports more than $250 million in income last year
Type: Top News

Saved 3 news items to /news/data/2026-09-30/top_news.json

=== Random News Item ===
Fetching Top News...
Fetching World News...
Fetching US News...
Fetching Economic News...
Fetching Technology News...
Fetching Politics News...
Title: China saw 'surprise' jump in U.S. orders ahead of Trump-Xi summit, private survey shows
Description: A private survey shows a rebound in China's exports to the U.S. as companies position for continued stability between the world's two largest economies.
Type: Economic News
Saved 1 news items to /news/data/2026-09-30/random_news.json
