=== Getting All News (Deduplicated) ===
Fetching Top News...
Fetching World News...
Fetching US News...
Fetching Economic News...
Fetching Technology News...
Fetching Politics News...
Total news items: 25

Saved 25 news items to /news/data/2026-01-15/all_news.json

=== Getting Top News Only ===
Fetching Top News...
Title: Taiwan will invest $250 billion in U.S. chipmaking under new trade deal
Type: Top News

Title: Chip stocks pop after TSMC's earnings beat boosts confidence in industrywide demand
Type: Top News

Title: Amazon threatens 'drastic' action after Saks bankruptcy, says $475M stake is now worthless
Type: Top News

Saved 3 news items to /news/data/2026-01-15/top_news.json

=== Random News Item ===
Fetching Top News...
Fetching World News...
Fetching US News...
Fetching Economic News...
Fetching Technology News...
Fetching Politics News...
Title: Wholesale inflation was softer than expected, retail sales moved higher in November
Description: Wholesale prices moved up less than expected while consumers kept up a heavy buying pace, according to economic data Wednesday.
Type: Economic News
Saved 1 news items to /news/data/2026-01-15/random_news.json
