=== Getting All News (Deduplicated) ===
Fetching Top News...
Fetching World News...
Fetching US News...
Fetching Economic News...
Fetching Technology News...
Fetching Politics News...
Total news items: 28

Saved 28 news items to /news/data/2026-03-28/all_news.json

=== Getting Top News Only ===
Fetching Top News...
Title: How the big oil and gas CEOs think the Iran war supply disruption will play out
Type: Top News

Title: Yemen's Houthis launch Israel strike, the first time since the U.S.-Israel war began
Type: Top News

Title: Rallies begin in thousands of U.S. cities for 'No Kings' protest against Trump
Type: Top News

Saved 3 news items to /news/data/2026-03-28/top_news.json

=== Random News Item ===
Fetching Top News...
Fetching World News...
Fetching US News...
Fetching Economic News...
Fetching Technology News...
Fetching Politics News...
Title: Trump signs order to pay TSA employees after Congress fails to agree on DHS funding
Description: Trump signed the action with an eye toward easing long security lines at many of the nation’s top airports.
Type: Politics News
Saved 1 news items to /news/data/2026-03-28/random_news.json
