=== Getting All News (Deduplicated) ===
Fetching Top News...
Fetching World News...
Fetching US News...
Fetching Economic News...
Fetching Technology News...
Fetching Politics News...
Total news items: 28

Saved 28 news items to /news/data/2026-02-08/all_news.json

=== Getting Top News Only ===
Fetching Top News...
Title: Automakers largely sit out 2026 Super Bowl advertising amid industry uncertainty
Type: Top News

Title: Epstein files: Republican lawmaker Massie calls for Trump Commerce chief Lutnick to resign
Type: Top News

Title: Hims & Hers pulls copycat weight-loss pill after threats of legal action
Type: Top News

Saved 3 news items to /news/data/2026-02-08/top_news.json

=== Random News Item ===
Fetching Top News...
Fetching World News...
Fetching US News...
Fetching Economic News...
Fetching Technology News...
Fetching Politics News...
Title: Japanese Prime Minister Takaichi's ruling LDP seen winning outright majority in snap election: NHK
Description: PM Takaichi's Liberal Democratic Party is likely to win between 274-328 seats in the Lower House, higher than the 233 seats needed for a majority, NHK says.
Type: World News
Saved 1 news items to /news/data/2026-02-08/random_news.json
