=== Getting All News (Deduplicated) ===
Fetching Top News...
Fetching World News...
Fetching US News...
Fetching Economic News...
Fetching Technology News...
Fetching Politics News...
Total news items: 25

Saved 25 news items to /news/data/2026-03-09/all_news.json

=== Getting Top News Only ===
Fetching Top News...
Title: Oil tankers transiting Strait of Hormuz 'must be very careful,' Iran Foreign Ministry warns
Type: Top News

Title: There's another energy market that may get hit harder than oil by Strait of Hormuz closure
Type: Top News

Title: U.S. oil closes slightly higher near $95 per barrel after spiking as high as $119 earlier in session
Type: Top News

Saved 3 news items to /news/data/2026-03-09/top_news.json

=== Random News Item ===
Fetching Top News...
Fetching World News...
Fetching US News...
Fetching Economic News...
Fetching Technology News...
Fetching Politics News...
Title: There's another energy market that may get hit harder than oil by Strait of Hormuz closure
Description: Roughly 20% of global LNG flows through the Strait.
Type: Top News
Saved 1 news items to /news/data/2026-03-09/random_news.json
