=== Getting All News (Deduplicated) ===
Fetching Top News...
Fetching World News...
Fetching US News...
Fetching Economic News...
Fetching Technology News...
Fetching Politics News...
Total news items: 26

Saved 26 news items to /news/data/2026-02-15/all_news.json

=== Getting Top News Only ===
Fetching Top News...
Title: Trump trade adviser Navarro says administration may force data center builders like Meta to 'internalize' costs
Type: Top News

Title: From Hyatt to Holiday Inn, America's free hotel breakfast is facing a K-shaped economic threat 
Type: Top News

Title: In bitcoin price plummet, ETF flows are down but aren't signaling 'crypto winter' investor panic
Type: Top News

Saved 3 news items to /news/data/2026-02-15/top_news.json

=== Random News Item ===
Fetching Top News...
Fetching World News...
Fetching US News...
Fetching Economic News...
Fetching Technology News...
Fetching Politics News...
Title: UK economy ekes out 0.1% growth in the fourth quarter
Description: The U.K. economy grew a meager 0.1% in the fourth quarter, according to preliminary figures from the Office for National Statistics on Thursday.
Type: Economic News
Saved 1 news items to /news/data/2026-02-15/random_news.json
