=== Getting All News (Deduplicated) ===
Fetching Top News...
Fetching World News...
Fetching US News...
Fetching Economic News...
Fetching Technology News...
Fetching Politics News...
Error fetching Politics News: 'NoneType' object has no attribute 'text'
Total news items: 22

Saved 22 news items to /news/data/2026-09-06/all_news.json

=== Getting Top News Only ===
Fetching Top News...
Title: U.S. Energy Secretary Wright says Iran nuclear deal may never happen
Type: Top News

Title: AI data centers are transforming rural land markets — and fueling a backlash
Type: Top News

Title: SEC sues ISS as Trump administration ramps up scrutiny of proxy advisers
Type: Top News

Saved 3 news items to /news/data/2026-09-06/top_news.json

=== Random News Item ===
Fetching Top News...
Fetching World News...
Fetching US News...
Fetching Economic News...
Fetching Technology News...
Fetching Politics News...
Error fetching Politics News: 'NoneType' object has no attribute 'text'
Title: AI data centers are transforming rural land markets — and fueling a backlash
Description: The data center buildout is driving up the price of rural land as some farmers and property owners buy in and others push back against development.
Type: Top News
Saved 1 news items to /news/data/2026-09-06/random_news.json
