=== Getting All News (Deduplicated) ===
Fetching Top News...
Fetching World News...
Fetching US News...
Fetching Economic News...
Fetching Technology News...
Fetching Politics News...
Total news items: 25

Saved 25 news items to /news/data/2026-05-15/all_news.json

=== Getting Top News Only ===
Fetching Top News...
Title: How China and U.S. eased the Middle East oil shock and kept prices from spiking even higher
Type: Top News

Title: Stephen Miran exits the Fed. How he set the stage for Kevin Warsh.
Type: Top News

Title: Trump went big on tech stocks in first quarter of 2026, new filings show
Type: Top News

Saved 3 news items to /news/data/2026-05-15/top_news.json

=== Random News Item ===
Fetching Top News...
Fetching World News...
Fetching US News...
Fetching Economic News...
Fetching Technology News...
Fetching Politics News...
Title: Trump-Xi summit: The 3 big takeaways from historic meeting in Beijing
Description: The two-day meeting wrapped up Friday, setting the tone for further U.S.-China talks this year.
Type: World News
Saved 1 news items to /news/data/2026-05-15/random_news.json
