=== Getting All News (Deduplicated) ===
Fetching Top News...
Fetching World News...
Fetching US News...
Fetching Economic News...
Fetching Technology News...
Fetching Politics News...
Total news items: 24

Saved 24 news items to /news/data/2026-08-27/all_news.json

=== Getting Top News Only ===
Fetching Top News...
Title: Trump signs order to rename Lake Ontario 'Lake America' amid Canada trade war
Type: Top News

Title: Fed's Hammack says 'now is the time to act' on raising interest rates
Type: Top News

Title: SK Hynix CEO says Indiana will be key memory production base by 2030, first U.S. facility now underway 
Type: Top News

Saved 3 news items to /news/data/2026-08-27/top_news.json

=== Random News Item ===
Fetching Top News...
Fetching World News...
Fetching US News...
Fetching Economic News...
Fetching Technology News...
Fetching Politics News...
Title: August apartment rents turn positive for the first time in four years
Description: Apartment rents are finally turning positive as vacancies drop, thanks to less new supply.
Type: US News
Saved 1 news items to /news/data/2026-08-27/random_news.json
