=== Getting All News (Deduplicated) ===
Fetching Top News...
Fetching World News...
Fetching US News...
Fetching Economic News...
Fetching Technology News...
Fetching Politics News...
Total news items: 27

Saved 27 news items to /news/data/2026-02-13/all_news.json

=== Getting Top News Only ===
Fetching Top News...
Title: Here’s the inflation breakdown for January 2026 — in one chart
Type: Top News

Title: Venezuela oil sales top $1 billion, funds won’t go to Qatar account anymore, Energy secretary says
Type: Top News

Title: AI disruption could spark a ‘shock to the system’ in credit markets, UBS analyst says
Type: Top News

Saved 3 news items to /news/data/2026-02-13/top_news.json

=== Random News Item ===
Fetching Top News...
Fetching World News...
Fetching US News...
Fetching Economic News...
Fetching Technology News...
Fetching Politics News...
Title: Dubai's DP World replaces CEO after Epstein links emerge
Description: Sultan Ahmed bin Sulayem had been the CEO of Dubai's largest port operator since 2016 and chairman since 2007.
Type: World News
Saved 1 news items to /news/data/2026-02-13/random_news.json
