=== Getting All News (Deduplicated) ===
Fetching Top News...
Fetching World News...
Fetching US News...
Fetching Economic News...
Fetching Technology News...
Fetching Politics News...
Total news items: 25

Saved 25 news items to /news/data/2026-04-19/all_news.json

=== Getting Top News Only ===
Fetching Top News...
Title: Iran rebuffs Trump's plan for new round of peace talks, state media reports
Type: Top News

Title: Gas prices may not drop below $3 a gallon until next year: Energy Secretary Wright
Type: Top News

Title: FBI Director Kash Patel vows to sue The Atlantic over article claiming he abuses alcohol
Type: Top News

Saved 3 news items to /news/data/2026-04-19/top_news.json

=== Random News Item ===
Fetching Top News...
Fetching World News...
Fetching US News...
Fetching Economic News...
Fetching Technology News...
Fetching Politics News...
Title: Fed Governor Waller says Iran war and labor market risks are keeping central bank on hold
Description: Federal Reserve Governor Christopher Waller on Friday said current economic conditions are complicating the approach to interest rates.
Type: Economic News
Saved 1 news items to /news/data/2026-04-19/random_news.json
