=== Getting All News (Deduplicated) ===
Fetching Top News...
Fetching World News...
Fetching US News...
Fetching Economic News...
Fetching Technology News...
Fetching Politics News...
Total news items: 23

Saved 23 news items to /news/data/2026-01-26/all_news.json

=== Getting Top News Only ===
Fetching Top News...
Title: Treasury cancels Booz Allen contracts after employee leaked Trump tax records; stock falls
Type: Top News

Title: AI spending wasn't the biggest engine of U.S. economic growth in 2025, despite popular assumptions
Type: Top News

Title: GameStop shares move higher after Michael Burry says he's been buying the stock
Type: Top News

Saved 3 news items to /news/data/2026-01-26/top_news.json

=== Random News Item ===
Fetching Top News...
Fetching World News...
Fetching US News...
Fetching Economic News...
Fetching Technology News...
Fetching Politics News...
Title: Treasury cancels Booz Allen contracts after employee leaked Trump tax records; stock falls
Description: Booz Allen employee Charles Edward Littlejohn also had leaked tax records of Amazon's Jeff Bezos and Tesla chief Elon Musk to a news outlet.
Type: Top News
Saved 1 news items to /news/data/2026-01-26/random_news.json
