=== Getting All News (Deduplicated) ===
Fetching Top News...
Fetching World News...
Fetching US News...
Fetching Economic News...
Fetching Technology News...
Fetching Politics News...
Error fetching Politics News: 'NoneType' object has no attribute 'text'
Total news items: 30

Saved 30 news items to /news/data/2026-02-12/all_news.json

=== Getting Top News Only ===
Fetching Top News...
Title: Office real estate stocks tumble as AI disruption casualties in the stock market grow by the day
Type: Top News

Title: Trump revokes EPA finding on greenhouse gas threat in huge blow to climate change regulations
Type: Top News

Title: Realtors report a 'new housing crisis' as January home sales tank more than 8%
Type: Top News

Saved 3 news items to /news/data/2026-02-12/top_news.json

=== Random News Item ===
Fetching Top News...
Fetching World News...
Fetching US News...
Fetching Economic News...
Fetching Technology News...
Fetching Politics News...
Error fetching Politics News: 'NoneType' object has no attribute 'text'
Title: Spirit Airlines sells more planes, calls back 500 flight attendants from furlough ahead of spring break
Description: Spirit Airlines said it sold another 20 planes and is calling back 500 flight attendants from furlough.
Type: US News
Saved 1 news items to /news/data/2026-02-12/random_news.json
