=== Getting All News (Deduplicated) ===
Fetching Top News...
Fetching World News...
Fetching US News...
Fetching Economic News...
Fetching Technology News...
Fetching Politics News...
Total news items: 27

Saved 27 news items to /news/data/2026-10-05/all_news.json

=== Getting Top News Only ===
Fetching Top News...
Title: Nasdaq rises to fresh record high led by tech; traders eye oil and yields: Live updates
Type: Top News

Title: Satya Nadella reinvented Microsoft once. Can he do it again in the AI era?
Type: Top News

Title: GM says hybrid vehicles are coming: 'We're not tone deaf to our customers'
Type: Top News

Saved 3 news items to /news/data/2026-10-05/top_news.json

=== Random News Item ===
Fetching Top News...
Fetching World News...
Fetching US News...
Fetching Economic News...
Fetching Technology News...
Fetching Politics News...
Title: Men are losing ground in the labor market. Here's why
Description: Women outnumbered men in the workforce for eight straight months as of September, according to one analysis.
Type: Economic News
Saved 1 news items to /news/data/2026-10-05/random_news.json
