=== Getting All News (Deduplicated) ===
Fetching Top News...
Fetching World News...
Fetching US News...
Fetching Economic News...
Fetching Technology News...
Fetching Politics News...
Total news items: 31

Saved 31 news items to /news/data/2026-10-03/all_news.json

=== Getting Top News Only ===
Fetching Top News...
Title: Tesla’s Cybercab had a rocky first month in Austin. Now comes the hard part: expanding
Type: Top News

Title: David Ellison just brought in a co-CEO to run his new empire: Meet Ynon Kreiz
Type: Top News

Title: FlyDubai plane attack by co-pilot was an attempted 'terrorist' act, UAE says
Type: Top News

Saved 3 news items to /news/data/2026-10-03/top_news.json

=== Random News Item ===
Fetching Top News...
Fetching World News...
Fetching US News...
Fetching Economic News...
Fetching Technology News...
Fetching Politics News...
Title: America’s data center fight is a preview of what's to come for the rest of the world
Description: America’s fight over data centers is going global. Communities across Europe and Asia  are pushing back over the rising costs of the AI infrastructure boom.
Type: World News
Saved 1 news items to /news/data/2026-10-03/random_news.json
