=== Getting All News (Deduplicated) ===
Fetching Top News...
Fetching World News...
Fetching US News...
Fetching Economic News...
Fetching Technology News...
Fetching Politics News...
Total news items: 27

Saved 27 news items to /news/data/2026-04-30/all_news.json

=== Getting Top News Only ===
Fetching Top News...
Title: Google cloud growth tops Microsoft and Amazon as all three beat estimates on AI demand
Type: Top News

Title: DHS shutdown set to end after House passes bill to fund most of agency, including TSA
Type: Top News

Title: Trump said his blockade would cause Iran's oil industry to 'explode' this week. Why that won't happen
Type: Top News

Saved 3 news items to /news/data/2026-04-30/top_news.json

=== Random News Item ===
Fetching Top News...
Fetching World News...
Fetching US News...
Fetching Economic News...
Fetching Technology News...
Fetching Politics News...
Title: House strips MAHA-hated pesticide provisions from farm bill
Description: MAHA advocates said the language that was stripped could have provided liability protection for Bayer in lawsuits involving its Roundup weedkiller.
Type: Politics News
Saved 1 news items to /news/data/2026-04-30/random_news.json
