=== Getting All News (Deduplicated) ===
Fetching Top News...
Fetching World News...
Fetching US News...
Fetching Economic News...
Fetching Technology News...
Fetching Politics News...
Total news items: 24

Saved 24 news items to /news/data/2026-09-16/all_news.json

=== Getting Top News Only ===
Fetching Top News...
Title: Fed meeting live updates: Chairman Warsh says inflation is still too high
Type: Top News

Title: Fed approves interest rate hike, signals one more to come this year
Type: Top News

Title: House votes to hold Leon Black in contempt of Congress over Epstein subpoenas defiance
Type: Top News

Saved 3 news items to /news/data/2026-09-16/top_news.json

=== Random News Item ===
Fetching Top News...
Fetching World News...
Fetching US News...
Fetching Economic News...
Fetching Technology News...
Fetching Politics News...
Title: UK inflation jumps to 3.1% as energy costs soar
Description: The reading comes a day before the Bank of England updates its monetary policy.
Type: Economic News
Saved 1 news items to /news/data/2026-09-16/random_news.json
