=== Getting All News (Deduplicated) ===
Fetching Top News...
Fetching World News...
Fetching US News...
Fetching Economic News...
Fetching Technology News...
Fetching Politics News...
Total news items: 24

Saved 24 news items to /news/data/2026-01-18/all_news.json

=== Getting Top News Only ===
Fetching Top News...
Title: Trump says 8 European nations face tariffs rising to 25% if Greenland isn't sold to the U.S.
Type: Top News

Title: Supreme Court unlikely to overturn Trump tariffs, his ‘signature economic policy’: Bessent
Type: Top News

Title: Trump wants nations to pay $1 billion for permanent Board of Peace seats
Type: Top News

Saved 3 news items to /news/data/2026-01-18/top_news.json

=== Random News Item ===
Fetching Top News...
Fetching World News...
Fetching US News...
Fetching Economic News...
Fetching Technology News...
Fetching Politics News...
Title: Global week ahead: Hopes that cooler heads can prevail in Davos
Description: The tension between countries that call themselves allies is palpable going into this meeting. 
Type: World News
Saved 1 news items to /news/data/2026-01-18/random_news.json
