=== Getting All News (Deduplicated) ===
Fetching Top News...
Fetching World News...
Fetching US News...
Fetching Economic News...
Fetching Technology News...
Fetching Politics News...
Total news items: 28

Saved 28 news items to /news/data/2026-05-02/all_news.json

=== Getting Top News Only ===
Fetching Top News...
Title: Berkshire annual meeting recap: Buffett says investing environment not ideal, sees 'gambling' in markets
Type: Top News

Title: Spirit Airlines shuts down after failing to reach a bailout deal, ending discount travel era
Type: Top News

Title: After Spirit collapse, Duffy says there's no need for government budget airline bailout
Type: Top News

Saved 3 news items to /news/data/2026-05-02/top_news.json

=== Random News Item ===
Fetching Top News...
Fetching World News...
Fetching US News...
Fetching Economic News...
Fetching Technology News...
Fetching Politics News...
Title: Pirro keeps pressure on Fed's Powell despite dropping probe
Description: The U.S. attorney is expected to imminently appeal a ruling blocking her investigation of the Fed's cost overruns.
Type: Politics News
Saved 1 news items to /news/data/2026-05-02/random_news.json
