=== Getting All News (Deduplicated) ===
Fetching Top News...
Fetching World News...
Fetching US News...
Fetching Economic News...
Fetching Technology News...
Fetching Politics News...
Total news items: 25

Saved 25 news items to /news/data/2026-05-14/all_news.json

=== Getting Top News Only ===
Fetching Top News...
Title: Cerebras almost doubles in Nasdaq debut, topping $100 billion market cap after blockbuster IPO 
Type: Top News

Title: Xi warns Trump: Mishandling Taiwan will put U.S.-China relationship in 'great jeopardy'
Type: Top News

Title: China will order 200 Boeing jets, Trump tells Fox News
Type: Top News

Saved 3 news items to /news/data/2026-05-14/top_news.json

=== Random News Item ===
Fetching Top News...
Fetching World News...
Fetching US News...
Fetching Economic News...
Fetching Technology News...
Fetching Politics News...
Title: Xi tells Musk, Tim Cook and other CEOs on Trump's trip: China will 'open wider'
Description: Tesla and Space X boss Elon Musk, Nvidia's CEO Jensen Huang and Apple CEO Tim Cook were part of Trump's delegation.
Type: World News
Saved 1 news items to /news/data/2026-05-14/random_news.json
