=== Getting All News (Deduplicated) ===
Fetching Top News...
Fetching World News...
Fetching US News...
Fetching Economic News...
Fetching Technology News...
Fetching Politics News...
Total news items: 22

Saved 22 news items to /news/data/2026-03-27/all_news.json

=== Getting Top News Only ===
Fetching Top News...
Title: Wall Street sell-off picks up steam, Dow loses 700 points and tumbles deeper into correction territory: Live updates
Type: Top News

Title: TSA funding update: House GOP spikes DHS funding proposal, extending shutdown that's caused airport delays
Type: Top News

Title: Epstein victims sue Google, Trump administration for disclosing personal information
Type: Top News

Saved 3 news items to /news/data/2026-03-27/top_news.json

=== Random News Item ===
Fetching Top News...
Fetching World News...
Fetching US News...
Fetching Economic News...
Fetching Technology News...
Fetching Politics News...
Title: Economist Nouriel Roubini: Trump is likely to escalate the Iran war — risking '1970s stagflation' 
Description: The economist and investor, known for calling the 2008 financial crisis, also said the “damage has already been done” to the economy. 
Type: World News
Saved 1 news items to /news/data/2026-03-27/random_news.json
