=== Getting All News (Deduplicated) ===
Fetching Top News...
Fetching World News...
Fetching US News...
Fetching Economic News...
Fetching Technology News...
Fetching Politics News...
Total news items: 28

Saved 28 news items to /news/data/2026-02-09/all_news.json

=== Getting Top News Only ===
Fetching Top News...
Title: FDA says Novo Nordisk's TV ad for obesity pill includes 'false or misleading' claims
Type: Top News

Title: Databricks completes $5 billion funding round at $134 billion valuation
Type: Top News

Title: S&P 500 rises, led by tech; Dow climbs to fresh record: Live updates
Type: Top News

Saved 3 news items to /news/data/2026-02-09/top_news.json

=== Random News Item ===
Fetching Top News...
Fetching World News...
Fetching US News...
Fetching Economic News...
Fetching Technology News...
Fetching Politics News...
Title: FDA says Novo Nordisk's TV ad for obesity pill includes 'false or misleading' claims
Description: The FDA requested that Novo take immediate action to address the violations, which could include ceasing all ads containing misleading claims about the pill. 
Type: Top News
Saved 1 news items to /news/data/2026-02-09/random_news.json
