=== Getting All News (Deduplicated) ===
Fetching Top News...
Fetching World News...
Fetching US News...
Fetching Economic News...
Fetching Technology News...
Fetching Politics News...
Error fetching Politics News: 'NoneType' object has no attribute 'text'
Total news items: 21

Saved 21 news items to /news/data/2026-09-20/all_news.json

=== Getting Top News Only ===
Fetching Top News...
Title: ‘It's awful’: How tariffs, soaring fuel costs and higher interest rates are squeezing American companies
Type: Top News

Title: Bessent meets China Vice Premier He Lifeng ahead of Trump-Xi summit
Type: Top News

Title: Nvidia CEO Jensen Huang emerges as Trump's top ally in AI safety debate
Type: Top News

Saved 3 news items to /news/data/2026-09-20/top_news.json

=== Random News Item ===
Fetching Top News...
Fetching World News...
Fetching US News...
Fetching Economic News...
Fetching Technology News...
Fetching Politics News...
Title: The 'robot relations' department may become reality in workplace of the future
Description: AI, from chatbots to humanoids and automated management systems, are being widely deployed by corporations with huge repercussions for worker pay and autonomy.
Type: Technology News
Saved 1 news items to /news/data/2026-09-20/random_news.json
