=== Getting All News (Deduplicated) ===
Fetching Top News...
Fetching World News...
Fetching US News...
Fetching Economic News...
Fetching Technology News...
Fetching Politics News...
Total news items: 27

Saved 27 news items to /news/data/2026-03-08/all_news.json

=== Getting Top News Only ===
Fetching Top News...
Title: Iran continues to hit Gulf countries as Israeli strikes intensify; Tehran says new leader appointed
Type: Top News

Title: Energy prices will fall when U.S. destroys Iran's ability to attack tankers in Strait of Hormuz: Wright
Type: Top News

Title: Investors may be too complacent about mounting risks with the S&P 500 less than 4% from high
Type: Top News

Saved 3 news items to /news/data/2026-03-08/top_news.json

=== Random News Item ===
Fetching Top News...
Fetching World News...
Fetching US News...
Fetching Economic News...
Fetching Technology News...
Fetching Politics News...
Title: Online age-verification tools spread across U.S. for child safety, but adults are being surveilled
Description: New age-verification laws and tools are designed for child safety on social media and the internet, but adults are in the crosshairs, say privacy experts. 
Type: Technology News
Saved 1 news items to /news/data/2026-03-08/random_news.json
