=== Getting All News (Deduplicated) ===
Fetching Top News...
Fetching World News...
Fetching US News...
Fetching Economic News...
Fetching Technology News...
Fetching Politics News...
Total news items: 26

Saved 26 news items to /news/data/2026-02-04/all_news.json

=== Getting Top News Only ===
Fetching Top News...
Title: Hedge funds made $24 billion shorting software stocks so far in 2026 — And they are increasing the bet
Type: Top News

Title: Oil prices jump after Trump says Iran supreme leader 'should be very worried'
Type: Top News

Title: Fed pick: Tillis doubles down on Warsh blockade over concerns about central bank independence
Type: Top News

Saved 3 news items to /news/data/2026-02-04/top_news.json

=== Random News Item ===
Fetching Top News...
Fetching World News...
Fetching US News...
Fetching Economic News...
Fetching Technology News...
Fetching Politics News...
Title: Commodities Cold War: Trump's critical minerals quest is linked to AI ambitions
Description: Critical minerals have already been at the center of mounting conflict between the U.S. and China. These tensions laid bare weakness in the supply chain. 
Type: US News
Saved 1 news items to /news/data/2026-02-04/random_news.json
