=== Getting All News (Deduplicated) ===
Fetching Top News...
Fetching World News...
Fetching US News...
Fetching Economic News...
Fetching Technology News...
Fetching Politics News...
Total news items: 25

Saved 25 news items to /news/data/2026-04-01/all_news.json

=== Getting Top News Only ===
Fetching Top News...
Title: SpaceX confidentially files for IPO, setting stage for record offering
Type: Top News

Title: Iran threatens Nvidia, Apple and other tech giants with attacks
Type: Top News

Title: Eli Lilly opposes push to pass Trump's drug pricing deals into law, CEO says
Type: Top News

Saved 3 news items to /news/data/2026-04-01/top_news.json

=== Random News Item ===
Fetching Top News...
Fetching World News...
Fetching US News...
Fetching Economic News...
Fetching Technology News...
Fetching Politics News...
Title: Why $4 a gallon gas prices won’t trigger Fed interest rate hikes — and could lead to cuts
Description: While there's still plenty of uncertainty about where rates are headed, Wall Street commentary shifted back to expectations for cuts.
Type: Economic News
Saved 1 news items to /news/data/2026-04-01/random_news.json
