=== Getting All News (Deduplicated) ===
Fetching Top News...
Fetching World News...
Fetching US News...
Fetching Economic News...
Fetching Technology News...
Fetching Politics News...
Total news items: 26

Saved 26 news items to /news/data/2026-01-24/all_news.json

=== Getting Top News Only ===
Fetching Top News...
Title: Airlines cancel nearly 10,000 weekend flights as massive winter storm sweeps across U.S.
Type: Top News

Title: Trump threatens to impose 100% tariff if Canada makes deal with China
Type: Top News

Title: Gov. Walz calls on Trump to halt ICE operations in Minnesota after another fatal shooting
Type: Top News

Saved 3 news items to /news/data/2026-01-24/top_news.json

=== Random News Item ===
Fetching Top News...
Fetching World News...
Fetching US News...
Fetching Economic News...
Fetching Technology News...
Fetching Politics News...
Title: Gov. Walz calls on Trump to halt ICE operations in Minnesota after another fatal shooting
Description: "Minnesota has had it. This is sickening. The President must end this operation. Pull the thousands of violent, untrained officers out of Minnesota," Walz said.
Type: Top News
Saved 1 news items to /news/data/2026-01-24/random_news.json
