=== Getting All News (Deduplicated) ===
Fetching Top News...
Fetching World News...
Fetching US News...
Fetching Economic News...
Error fetching Economic News: 'NoneType' object has no attribute 'text'
Fetching Technology News...
Fetching Politics News...
Total news items: 22

Saved 22 news items to /news/data/2026-03-13/all_news.json

=== Getting Top News Only ===
Fetching Top News...
Title: Analysis: The U.S. is running out of ways to get oil prices down. It is up to the military. 
Type: Top News

Title: Pete Hegseth on Strait of Hormuz: 'Don't need to worry about it'
Type: Top News

Title: Trump says he thinks Putin is helping Iran
Type: Top News

Saved 3 news items to /news/data/2026-03-13/top_news.json

=== Random News Item ===
Fetching Top News...
Fetching World News...
Fetching US News...
Fetching Economic News...
Fetching Technology News...
Fetching Politics News...
Title: Fourth-quarter GDP revised down to just 0.7% growth; January core inflation was 3.1%
Description: The PCE price index for January was expected to show headline inflation at 2.9% and core at 3.1%.
Type: Economic News
Saved 1 news items to /news/data/2026-03-13/random_news.json
