=== Getting All News (Deduplicated) ===
Fetching Top News...
Fetching World News...
Fetching US News...
Fetching Economic News...
Fetching Technology News...
Fetching Politics News...
Error fetching Politics News: 'NoneType' object has no attribute 'text'
Total news items: 25

Saved 25 news items to /news/data/2026-02-10/all_news.json

=== Getting Top News Only ===
Fetching Top News...
Title: The AI threat wrecked software stocks. Now financial stocks look next with LPL down 11%
Type: Top News

Title: Estee Lauder sues Walmart alleging 'despicable' sale of counterfeit beauty products 
Type: Top News

Title: Trump Commerce Sec. Lutnick admits visiting Epstein island during family vacation
Type: Top News

Saved 3 news items to /news/data/2026-02-10/top_news.json

=== Random News Item ===
Fetching Top News...
Fetching World News...
Fetching US News...
Fetching Economic News...
Fetching Technology News...
Fetching Politics News...
Error fetching Politics News: 'NoneType' object has no attribute 'text'
Title: Layoffs in January were the highest to start a year since 2009, Challenger says
Description: With the recent narrative centering on a no-hire, no-fire labor market, the data suggests that the layoff part of the equation could be stepping up.
Type: Economic News
Saved 1 news items to /news/data/2026-02-10/random_news.json
