=== Getting All News (Deduplicated) ===
Fetching Top News...
Fetching World News...
Fetching US News...
Fetching Economic News...
Fetching Technology News...
Fetching Politics News...
Total news items: 29

Saved 29 news items to /news/data/2026-05-03/all_news.json

=== Getting Top News Only ===
Fetching Top News...
Title: U.S. crude oil exports surge to record as tankers flock to Gulf Coast during Iran war
Type: Top News

Title: Pirro reveals new Trump attack evidence; Cole Allen removed from 'suicide precautions'
Type: Top News

Title: Greg Abel earns solid scorecard from Berkshire shareholders after first annual meeting
Type: Top News

Saved 3 news items to /news/data/2026-05-03/top_news.json

=== Random News Item ===
Fetching Top News...
Fetching World News...
Fetching US News...
Fetching Economic News...
Fetching Technology News...
Fetching Politics News...
Title: After Spirit collapse, Duffy says there's no need for government budget airline bailout
Description: Duffy said he does not think the government needs to bail out low-cost airlines that have sought $2.5 billion in government relief because of high fuel prices.
Type: Politics News
Saved 1 news items to /news/data/2026-05-03/random_news.json
