=== Getting All News (Deduplicated) ===
Fetching Top News...
Fetching World News...
Fetching US News...
Fetching Economic News...
Fetching Technology News...
Fetching Politics News...
Total news items: 27

Saved 27 news items to /news/data/2026-03-31/all_news.json

=== Getting Top News Only ===
Fetching Top News...
Title: Dow rallies 1,000 points as optimism grows for an end to the Iran war: Live updates
Type: Top News

Title: Why $4 a gallon gas prices won’t trigger Fed interest rate hikes — and could lead to cuts
Type: Top News

Title: Oracle cutting thousands in latest layoff round as company continues to ramp AI spending
Type: Top News

Saved 3 news items to /news/data/2026-03-31/top_news.json

=== Random News Item ===
Fetching Top News...
Fetching World News...
Fetching US News...
Fetching Economic News...
Fetching Technology News...
Fetching Politics News...
Title: Oracle cutting thousands in latest layoff round as company continues to ramp AI spending
Description: Oracle has ratcheted up its capital expenditures as it builds data center infrastructure that can handle AI workloads.
Type: Top News
Saved 1 news items to /news/data/2026-03-31/random_news.json
