=== Getting All News (Deduplicated) ===
Fetching Top News...
Fetching World News...
Fetching US News...
Fetching Economic News...
Fetching Technology News...
Fetching Politics News...
Error fetching Politics News: 'NoneType' object has no attribute 'text'
Total news items: 22

Saved 22 news items to /news/data/2026-08-29/all_news.json

=== Getting Top News Only ===
Fetching Top News...
Title: Tech backlash reaches fever pitch as AI angst collides with social media fears
Type: Top News

Title: Trump announces deal with Venezuela to secure more than 65 billion barrels of oil reserves
Type: Top News

Title: K, C or E? Why economists can’t agree on the shape of today’s economy
Type: Top News

Saved 3 news items to /news/data/2026-08-29/top_news.json

=== Random News Item ===
Fetching Top News...
Fetching World News...
Fetching US News...
Fetching Economic News...
Fetching Technology News...
Fetching Politics News...
Title: Fed's Hammack says 'now is the time to act' on raising interest rates
Description: She still thinks the Fed needs to take action against inflation that is straining household budgets.
Type: Economic News
Saved 1 news items to /news/data/2026-08-29/random_news.json
