=== Getting All News (Deduplicated) ===
Fetching Top News...
Fetching World News...
Fetching US News...
Fetching Economic News...
Fetching Technology News...
Fetching Politics News...
Total news items: 31

Saved 31 news items to /news/data/2026-05-17/all_news.json

=== Getting Top News Only ===
Fetching Top News...
Title: AI-related layoffs a boost for stocks? Not necessarily
Type: Top News

Title: Trump warns Iran to 'get moving' or 'there won’t be anything left'
Type: Top News

Title: With Long Island Rail Road shut down, NY governor begs unions to resume talks
Type: Top News

Saved 3 news items to /news/data/2026-05-17/top_news.json

=== Random News Item ===
Fetching Top News...
Fetching World News...
Fetching US News...
Fetching Economic News...
Fetching Technology News...
Fetching Politics News...
Title: Creator content made the main stage at TV's 'upfront' pitches — and not just for YouTube
Description: In media companies' annual pitch to advertisers this week, creator content played a bigger role as a new category for reaching younger audiences. 
Type: Technology News
Saved 1 news items to /news/data/2026-05-17/random_news.json
