=== Getting All News (Deduplicated) ===
Fetching Top News...
Fetching World News...
Fetching US News...
Fetching Economic News...
Fetching Technology News...
Fetching Politics News...
Total news items: 27

Saved 27 news items to /news/data/2026-01-07/all_news.json

=== Getting Top News Only ===
Fetching Top News...
Title: Trump says U.S. to ban large investors from buying homes
Type: Top News

Title: ICE agents fatally shoot woman in Minneapolis, DHS says
Type: Top News

Title: Rubio says he will meet with Denmark about Greenland next week
Type: Top News

Saved 3 news items to /news/data/2026-01-07/top_news.json

=== Random News Item ===
Fetching Top News...
Fetching World News...
Fetching US News...
Fetching Economic News...
Fetching Technology News...
Fetching Politics News...
Title: Avelo Airlines to end ICE deportation charters as it cuts commercial flights, jobs 
Description: Upstart airline Avelo said it would stop flying deportation flights for ICE, citing unpredictable revenue and added costs.
Type: US News
Saved 1 news items to /news/data/2026-01-07/random_news.json
