=== Getting All News (Deduplicated) ===
Fetching Top News...
Fetching World News...
Fetching US News...
Fetching Economic News...
Fetching Technology News...
Fetching Politics News...
Total news items: 27

Saved 27 news items to /news/data/2026-10-02/all_news.json

=== Getting Top News Only ===
Fetching Top News...
Title: Ford fends off Hyundai to retain No. 3 U.S. sales position in third quarter
Type: Top News

Title: Men are losing ground in the labor market. Here's why
Type: Top News

Title: FAA says Boeing 737 Max software glitch not a flight-safety issue
Type: Top News

Saved 3 news items to /news/data/2026-10-02/top_news.json

=== Random News Item ===
Fetching Top News...
Fetching World News...
Fetching US News...
Fetching Economic News...
Fetching Technology News...
Fetching Politics News...
Title: The September jobs report will be released Friday. Here's what to expect
Description: Wall Street is looking for job growth of 84,000 to close out the summer.
Type: Economic News
Saved 1 news items to /news/data/2026-10-02/random_news.json
