=== Getting All News (Deduplicated) ===
Fetching Top News...
Fetching World News...
Fetching US News...
Fetching Economic News...
Fetching Technology News...
Fetching Politics News...
Total news items: 24

Saved 24 news items to /news/data/2026-01-27/all_news.json

=== Getting Top News Only ===
Fetching Top News...
Title: The Fed releases its latest interest rate decision Wednesday. Here's what to expect
Type: Top News

Title: Homebuyers are backing out of deals at the fastest pace in nearly a decade
Type: Top News

Title: The government is barreling toward a partial shutdown over DHS funding. Here's what to expect
Type: Top News

Saved 3 news items to /news/data/2026-01-27/top_news.json

=== Random News Item ===
Fetching Top News...
Fetching World News...
Fetching US News...
Fetching Economic News...
Fetching Technology News...
Fetching Politics News...
Title: AI spending wasn't the biggest engine of U.S. economic growth in 2025, despite popular assumptions
Description: The GDP value of AI is smaller than it might appear given that a lot of high-tech equipment is imported, according to a recent MRB Partners report.
Type: Economic News
Saved 1 news items to /news/data/2026-01-27/random_news.json
