=== Getting All News (Deduplicated) ===
Fetching Top News...
Fetching World News...
Fetching US News...
Fetching Economic News...
Fetching Technology News...
Fetching Politics News...
Total news items: 25

Saved 25 news items to /news/data/2026-03-02/all_news.json

=== Getting Top News Only ===
Fetching Top News...
Title: Live updates: Jamie Dimon expects cyber, terror attacks in retaliation for Iran strikes
Type: Top News

Title: Mortgage rates jump sharply higher after Iran strikes, reversing last week's decline
Type: Top News

Title: How high can oil and gas prices go because of the Iran war? Here are the scenarios
Type: Top News

Saved 3 news items to /news/data/2026-03-02/top_news.json

=== Random News Item ===
Fetching Top News...
Fetching World News...
Fetching US News...
Fetching Economic News...
Fetching Technology News...
Fetching Politics News...
Title:  Emirates' first flight out of Dubai since Iran strikes takes off
Description: Emirates airline said it will resume a limited number of flights as early as Monday evening local time.
Type: World News
Saved 1 news items to /news/data/2026-03-02/random_news.json
