=== Getting All News (Deduplicated) ===
Fetching Top News...
Fetching World News...
Fetching US News...
Fetching Economic News...
Fetching Technology News...
Fetching Politics News...
Total news items: 25

Saved 25 news items to /news/data/2026-09-23/all_news.json

=== Getting Top News Only ===
Fetching Top News...
Title: 10-year Treasury yield rockets to 19-year high. Here's what's driving the spike
Type: Top News

Title: New Social Security bill would lower retirement age to 60 for some workers
Type: Top News

Title: As Trump and Xi meet, Chinese automakers could be a Pandora's box for U.S. auto industry
Type: Top News

Saved 3 news items to /news/data/2026-09-23/top_news.json

=== Random News Item ===
Fetching Top News...
Fetching World News...
Fetching US News...
Fetching Economic News...
Fetching Technology News...
Fetching Politics News...
Title: Oil's losing streak, Trump at the UN, Royal Caribbean's Sandals stake and more in Morning Squawk
Description: Here are five key things investors need to know to start the trading day.
Type: Technology News
Saved 1 news items to /news/data/2026-09-23/random_news.json
