=== Getting All News (Deduplicated) ===
Fetching Top News...
Fetching World News...
Fetching US News...
Fetching Economic News...
Fetching Technology News...
Fetching Politics News...
Total news items: 28

Saved 28 news items to /news/data/2026-04-04/all_news.json

=== Getting Top News Only ===
Fetching Top News...
Title: Apple at 50: The iPhone maker 'blew a 5-year lead' on AI, but former insiders say it can still win
Type: Top News

Title: Trump warns Iran '48 hours before all Hell will reign down,' while search for missing crew member intensifies
Type: Top News

Title: Warsh nomination moves ahead, putting Trump's competing Fed plans on a collision course
Type: Top News

Saved 3 news items to /news/data/2026-04-04/top_news.json

=== Random News Item ===
Fetching Top News...
Fetching World News...
Fetching US News...
Fetching Economic News...
Fetching Technology News...
Fetching Politics News...
Title: The March jobs report will be released on Friday. Here's what to expect
Description: The U.S. economy is projected to show job gains of 59,000 in March, with the unemployment rate holding at 4.4%.
Type: Economic News
Saved 1 news items to /news/data/2026-04-04/random_news.json
