=== Getting All News (Deduplicated) ===
Fetching Top News...
Fetching World News...
Fetching US News...
Fetching Economic News...
Fetching Technology News...
Fetching Politics News...
Total news items: 28

Saved 28 news items to /news/data/2026-03-19/all_news.json

=== Getting Top News Only ===
Fetching Top News...
Title: Copper joins gold in broad commodities sell-off. There's a worrying reason behind it
Type: Top News

Title: Trump signals DOJ should continue Powell probe, complicating Warsh Fed nom
Type: Top News

Title: Hegseth says potential $200 billion Iran war spending request could shift: 'Takes money to kill bad guys'
Type: Top News

Saved 3 news items to /news/data/2026-03-19/top_news.json

=== Random News Item ===
Fetching Top News...
Fetching World News...
Fetching US News...
Fetching Economic News...
Fetching Technology News...
Fetching Politics News...
Title: Iran-induced fertilizer shortage threatens Republicans in farm states ahead of midterms
Description: Democrats are vying for competitive seats across farm country in 2026, and fertilizer shortages spurred by the Iran war give them a new affordability angle. 
Type: US News
Saved 1 news items to /news/data/2026-03-19/random_news.json
