=== Getting All News (Deduplicated) ===
Fetching Top News...
Fetching World News...
Fetching US News...
Fetching Economic News...
Fetching Technology News...
Fetching Politics News...
Total news items: 26

Saved 26 news items to /news/data/2026-03-29/all_news.json

=== Getting Top News Only ===
Fetching Top News...
Title: Meta's court losses spell potential trouble for AI research, consumer safety
Type: Top News

Title: Middle East leaders huddle in Pakistan as Trump weighs ground operations in Iran
Type: Top News

Title: Trump ban on investor homebuying may come at cost of a bigger real estate deal
Type: Top News

Saved 3 news items to /news/data/2026-03-29/top_news.json

=== Random News Item ===
Fetching Top News...
Fetching World News...
Fetching US News...
Fetching Economic News...
Fetching Technology News...
Fetching Politics News...
Title: Powerful Missouri Republican who leads House transportation committee joins wave of retirements
Description: Sam Graves, 62, has represented a solidly GOP and rural northern part of Missouri since 2001.
Type: Politics News
Saved 1 news items to /news/data/2026-03-29/random_news.json
