=== Getting All News (Deduplicated) ===
Fetching Top News...
Fetching World News...
Fetching US News...
Fetching Economic News...
Fetching Technology News...
Fetching Politics News...
Total news items: 29

Saved 29 news items to /news/data/2026-09-10/all_news.json

=== Getting Top News Only ===
Fetching Top News...
Title: Trump's $1 trillion-plus 'dividend' plan meets immediate bipartisan pushback
Type: Top News

Title: The likelihood of a Fed interest rate hike next week just got a lot higher
Type: Top News

Title: Kimmel says interview with Senate candidate Talarico won't air on ABC amid FCC threats
Type: Top News

Saved 3 news items to /news/data/2026-09-10/top_news.json

=== Random News Item ===
Fetching Top News...
Fetching World News...
Fetching US News...
Fetching Economic News...
Fetching Technology News...
Fetching Politics News...
Title: Trump's $1 trillion-plus 'dividend' plan meets immediate bipartisan pushback
Description: Such a payout could cost more than $1 trillion and is likely to face legal obstacles.
Type: Top News
Saved 1 news items to /news/data/2026-09-10/random_news.json
