=== Getting All News (Deduplicated) ===
Fetching Top News...
Fetching World News...
Fetching US News...
Fetching Economic News...
Fetching Technology News...
Fetching Politics News...
Total news items: 27

Saved 27 news items to /news/data/2026-05-05/all_news.json

=== Getting Top News Only ===
Fetching Top News...
Title: Spirit starts monthslong process of dismantling airline after biggest collapse in a generation
Type: Top News

Title: Micron zooms past $700 billion market cap as rally in memory stocks accelerates
Type: Top News

Title: Jerome Powell making a 'significant mistake' by staying on at the Fed, Sen. Tim Scott says
Type: Top News

Saved 3 news items to /news/data/2026-05-05/top_news.json

=== Random News Item ===
Fetching Top News...
Fetching World News...
Fetching US News...
Fetching Economic News...
Fetching Technology News...
Fetching Politics News...
Title: UK exports to U.S. plunge by 25% after Trump's 'liberation day' tariffs blitz 
Description: The U.K. is now running a trade deficit with its largest trading partner.
Type: Economic News
Saved 1 news items to /news/data/2026-05-05/random_news.json
