=== Getting All News (Deduplicated) ===
Fetching Top News...
Fetching World News...
Fetching US News...
Fetching Economic News...
Fetching Technology News...
Fetching Politics News...
Total news items: 27

Saved 27 news items to /news/data/2026-01-08/all_news.json

=== Getting Top News Only ===
Fetching Top News...
Title: The Supreme Court may rule Friday on Trump's tariffs. Here's what's at stake for the economy
Type: Top News

Title: Senate votes to block Trump from future military strikes on Venezuela
Type: Top News

Title: House to vote on overriding Trump's first vetoes of second term
Type: Top News

Saved 3 news items to /news/data/2026-01-08/top_news.json

=== Random News Item ===
Fetching Top News...
Fetching World News...
Fetching US News...
Fetching Economic News...
Fetching Technology News...
Fetching Politics News...
Title: Judge disqualifies federal prosecutor in investigation into New York Attorney General Letitia James
Description: James, a Democrat, had challenged Sarcone's authority after he issued subpoenas seeking information about lawsuits she filed against President Donald Trump.
Type: Politics News
Saved 1 news items to /news/data/2026-01-08/random_news.json
