=== Getting All News (Deduplicated) ===
Fetching Top News...
Fetching World News...
Fetching US News...
Fetching Economic News...
Fetching Technology News...
Fetching Politics News...
Total news items: 28

Saved 28 news items to /news/data/2026-04-11/all_news.json

=== Getting Top News Only ===
Fetching Top News...
Title: U.S.-Iran talks underway in Pakistani capital after delegations arrive
Type: Top News

Title: Berkshire electric utility's court win could save it billions
Type: Top News

Title: How Kodak is trying to turn around its business after teetering on bankruptcy
Type: Top News

Saved 3 news items to /news/data/2026-04-11/top_news.json

=== Random News Item ===
Fetching Top News...
Fetching World News...
Fetching US News...
Fetching Economic News...
Fetching Technology News...
Fetching Politics News...
Title: How Kodak is trying to turn around its business after teetering on bankruptcy
Description: Photography company Eastman Kodak has seen its fair share of financial struggles, but CEO Jim Continenza is determined to fuel its success.
Type: Top News
Saved 1 news items to /news/data/2026-04-11/random_news.json
