=== Getting All News (Deduplicated) ===
Fetching Top News...
Fetching World News...
Fetching US News...
Fetching Economic News...
Fetching Technology News...
Fetching Politics News...
Total news items: 26

Saved 26 news items to /news/data/2026-02-19/all_news.json

=== Getting Top News Only ===
Fetching Top News...
Title: Amazon surpasses Walmart in annual revenue for first time, as both chase AI-fueled growth
Type: Top News

Title: Trump to decide whether to attack Iran in next 10 days — oil prices rise
Type: Top News

Title: Kennedy defends Trump glyphosate order; MAHA erupts as midterms approach
Type: Top News

Saved 3 news items to /news/data/2026-02-19/top_news.json

=== Random News Item ===
Fetching Top News...
Fetching World News...
Fetching US News...
Fetching Economic News...
Fetching Technology News...
Fetching Politics News...
Title: Amazon surpasses Walmart in annual revenue for first time, as both chase AI-fueled growth
Description: The shuffle underscores the rivalry between the two retailers, particularly as Walmart expands its advertising and third-party marketplace businesses.
Type: Top News
Saved 1 news items to /news/data/2026-02-19/random_news.json
