=== Getting All News (Deduplicated) ===
Fetching Top News...
Fetching World News...
Fetching US News...
Fetching Economic News...
Fetching Technology News...
Fetching Politics News...
Total news items: 27

Saved 27 news items to /news/data/2026-01-05/all_news.json

=== Getting Top News Only ===
Fetching Top News...
Title: Dow surges 700 points as market rally following U.S.-Venezuela action gains steam, Chevron shares jump: Live updates
Type: Top News

Title: Maduro says he was 'kidnapped' and is 'prisoner of war' in New York court, pleads not guilty
Type: Top News

Title: Michael Burry's big play off the U.S.-Venezuela situation, which the investor has held for years
Type: Top News

Saved 3 news items to /news/data/2026-01-05/top_news.json

=== Random News Item ===
Fetching Top News...
Fetching World News...
Fetching US News...
Fetching Economic News...
Fetching Technology News...
Fetching Politics News...
Title: U.S. strike on Venezuela puts China's Taiwan saber-rattling in focus
Description: Analysts say China is unlikely to change its Taiwan strategy after the arrest of Venezuela’s Maduro, despite renewed claims of Washington's double standards.
Type: World News
Saved 1 news items to /news/data/2026-01-05/random_news.json
