=== Getting All News (Deduplicated) ===
Fetching Top News...
Fetching World News...
Fetching US News...
Fetching Economic News...
Error fetching Economic News: 'NoneType' object has no attribute 'text'
Fetching Technology News...
Fetching Politics News...
Total news items: 24

Saved 24 news items to /news/data/2026-03-15/all_news.json

=== Getting Top News Only ===
Fetching Top News...
Title: Trump weighing options to strike Iran's critical oil hub, UN Ambassador Waltz says
Type: Top News

Title: U.S. and China economic chiefs meet in Paris to clear path to Trump-Xi summit
Type: Top News

Title: Price caps, taking the stairs, and short-sleeved shirts: How countries are coping with the Iran war energy shock
Type: Top News

Saved 3 news items to /news/data/2026-03-15/top_news.json

=== Random News Item ===
Fetching Top News...
Fetching World News...
Fetching US News...
Fetching Economic News...
Fetching Technology News...
Fetching Politics News...
Title: Nvidia's GTC will mark an AI chip pivot. Here's why the CPU is taking center stage
Description: Nvidia and AMD are seeing huge demand for CPUs and Jensen Huang is poised to unveil details for processors specialized for agentic AI at the GTC conference.
Type: Technology News
Saved 1 news items to /news/data/2026-03-15/random_news.json
