=== Getting All News (Deduplicated) ===
Fetching Top News...
Fetching World News...
Fetching US News...
Fetching Economic News...
Fetching Technology News...
Fetching Politics News...
Total news items: 29

Saved 29 news items to /news/data/2026-04-05/all_news.json

=== Getting Top News Only ===
Fetching Top News...
Title: Trump vows Iran will be 'living in Hell' by Tuesday if Strait of Hormuz deadline missed
Type: Top News

Title: Chinese chip firms hit record high revenue driven by the AI boom and U.S. curbs
Type: Top News

Title: 'Anything but autos': Can defense save Europe’s ailing car industry?
Type: Top News

Saved 3 news items to /news/data/2026-04-05/top_news.json

=== Random News Item ===
Fetching Top News...
Fetching World News...
Fetching US News...
Fetching Economic News...
Fetching Technology News...
Fetching Politics News...
Title: The March jobs report will be released on Friday. Here's what to expect
Description: The U.S. economy is projected to show job gains of 59,000 in March, with the unemployment rate holding at 4.4%.
Type: Economic News
Saved 1 news items to /news/data/2026-04-05/random_news.json
