=== Getting All News (Deduplicated) ===
Fetching Top News...
Fetching World News...
Fetching US News...
Fetching Economic News...
Fetching Technology News...
Fetching Politics News...
Total news items: 25

Saved 25 news items to /news/data/2026-02-18/all_news.json

=== Getting Top News Only ===
Fetching Top News...
Title: Fed officials split on where interest rates should go, minutes say
Type: Top News

Title: Zuckerberg testimony: Upping engagement on Instagram was not a company goal
Type: Top News

Title: Hassett says authors of New York Fed tariff study should be disciplined: 'Worst paper I've ever seen'
Type: Top News

Saved 3 news items to /news/data/2026-02-18/top_news.json

=== Random News Item ===
Fetching Top News...
Fetching World News...
Fetching US News...
Fetching Economic News...
Fetching Technology News...
Fetching Politics News...
Title: Meta deal for millions of Nvidia chips is big — these 2 charts illustrate why
Description: Money has been leaving Nvidia and going to other parts of the AI chip complex in recent months.
Type: Technology News
Saved 1 news items to /news/data/2026-02-18/random_news.json
