=== Getting All News (Deduplicated) ===
Fetching Top News...
Fetching World News...
Fetching US News...
Fetching Economic News...
Fetching Technology News...
Fetching Politics News...
Error fetching Politics News: 'NoneType' object has no attribute 'text'
Total news items: 24

Saved 24 news items to /news/data/2026-01-22/all_news.json

=== Getting Top News Only ===
Fetching Top News...
Title: Fed's main gauge shows inflation at 2.8% in November, edging further away from target
Type: Top News

Title: Trump sues Jamie Dimon, JPMorgan Chase over alleged 'political' debanking
Type: Top News

Title: Greenland PM: Don't know details of Trump-NATO deal framework, but sovereignty is a 'red line'
Type: Top News

Saved 3 news items to /news/data/2026-01-22/top_news.json

=== Random News Item ===
Fetching Top News...
Fetching World News...
Fetching US News...
Fetching Economic News...
Fetching Technology News...
Fetching Politics News...
Title: Trump sues Jamie Dimon, JPMorgan Chase over alleged 'political' debanking
Description: Chase Bank closed Trump's accounts on the heels of the Jan. 6, 2021, U.S. Capitol riot and the president exiting the White House later that same month.
Type: Top News
Saved 1 news items to /news/data/2026-01-22/random_news.json
