=== Getting All News (Deduplicated) ===
Fetching Top News...
Fetching World News...
Fetching US News...
Fetching Economic News...
Fetching Technology News...
Fetching Politics News...
Total news items: 25

Saved 25 news items to /news/data/2026-01-04/all_news.json

=== Getting Top News Only ===
Fetching Top News...
Title: Rubio explains how U.S. might 'run' Venezuela after Maduros' ouster
Type: Top News

Title: Maduro overthrow in oil-rich Venezuela unlikely to shake energy markets in the near term
Type: Top News

Title: Trump's removal of Maduro prompts questions from Congress
Type: Top News

Saved 3 news items to /news/data/2026-01-04/top_news.json

=== Random News Item ===
Fetching Top News...
Fetching World News...
Fetching US News...
Fetching Economic News...
Fetching Technology News...
Fetching Politics News...
Title: Maduro overthrow in oil-rich Venezuela unlikely to shake energy markets in the near term
Description: While Venezuela has the world's largest oil reserves, its oil production is relatively small.
Type: Top News
Saved 1 news items to /news/data/2026-01-04/random_news.json
