=== Getting All News (Deduplicated) ===
Fetching Top News...
Fetching World News...
Fetching US News...
Fetching Economic News...
Fetching Technology News...
Fetching Politics News...
Total news items: 25

Saved 25 news items to /news/data/2026-03-20/all_news.json

=== Getting Top News Only ===
Fetching Top News...
Title: Small cap-focused Russell 2000 becomes the first of major U.S. benchmarks to enter correction territory this year
Type: Top News

Title: Super Micro shares tank 25% after employees charged with smuggling Nvidia chips to China
Type: Top News

Title: Trump: U.S. could end Iran military operations 'right now' but will continue so Iran can 'never rebuild'
Type: Top News

Saved 3 news items to /news/data/2026-03-20/top_news.json

=== Random News Item ===
Fetching Top News...
Fetching World News...
Fetching US News...
Fetching Economic News...
Fetching Technology News...
Fetching Politics News...
Title: Work from home, drive slower and don't use gas cookers: IEA advice on weathering the global energy crisis
Description: The IEA warns of "the largest supply disruption in the history of the global oil market" due to the conflict in the Middle East.
Type: World News
Saved 1 news items to /news/data/2026-03-20/random_news.json
