=== Getting All News (Deduplicated) ===
Fetching Top News...
Fetching World News...
Fetching US News...
Fetching Economic News...
Fetching Technology News...
Fetching Politics News...
Total news items: 26

Saved 26 news items to /news/data/2026-01-19/all_news.json

=== Getting Top News Only ===
Fetching Top News...
Title: Fed chief Powell to attend Supreme Court arguments on Trump bid to fire Lisa Cook
Type: Top News

Title: Trump is going to Davos — here are the big names who aren't
Type: Top News

Title: Europe weighs using trade 'bazooka' against the U.S. as Greenland crisis deepens
Type: Top News

Saved 3 news items to /news/data/2026-01-19/top_news.json

=== Random News Item ===
Fetching Top News...
Fetching World News...
Fetching US News...
Fetching Economic News...
Fetching Technology News...
Fetching Politics News...
Title: Trump is going to Davos — here are the big names who aren't
Description: A who's who of heads of state, top CEOs and tech pioneers are landing in Davos for the 2026 World Economic Forum meeting. But some big names aren't going.
Type: Top News
Saved 1 news items to /news/data/2026-01-19/random_news.json
