=== Getting All News (Deduplicated) ===
Fetching Top News...
Fetching World News...
Fetching US News...
Fetching Economic News...
Fetching Technology News...
Fetching Politics News...
Total news items: 24

Saved 24 news items to /news/data/2026-04-21/all_news.json

=== Getting Top News Only ===
Fetching Top News...
Title: Kevin Warsh hearing takeaways: Trump Fed chair nominee defends finances, says president never demanded rate cuts
Type: Top News

Title: Trump says 'I'll remember' companies that don’t seek tariff refunds
Type: Top News

Title: Vance trip to Pakistan for Iran talks is on hold, NYT reports
Type: Top News

Saved 3 news items to /news/data/2026-04-21/top_news.json

=== Random News Item ===
Fetching Top News...
Fetching World News...
Fetching US News...
Fetching Economic News...
Fetching Technology News...
Fetching Politics News...
Title: Chair nominee Kevin Warsh says Fed must ‘stay in its lane’ to maintain independence
Description: Warsh also expressed firm commitment to fighting inflation with only one mention of the labor market.
Type: Economic News
Saved 1 news items to /news/data/2026-04-21/random_news.json
