=== Getting All News (Deduplicated) ===
Fetching Top News...
Fetching World News...
Fetching US News...
Fetching Economic News...
Fetching Technology News...
Fetching Politics News...
Total news items: 25

Saved 25 news items to /news/data/2026-04-27/all_news.json

=== Getting Top News Only ===
Fetching Top News...
Title: Trump discussed Iran's Hormuz Strait proposal with top aides, White House says
Type: Top News

Title: Cole Allen charged with trying to assassinate Trump at WHCD event
Type: Top News

Title: Prediction markets prepare to invade one of crypto’s biggest and riskiest trades
Type: Top News

Saved 3 news items to /news/data/2026-04-27/top_news.json

=== Random News Item ===
Fetching Top News...
Fetching World News...
Fetching US News...
Fetching Economic News...
Fetching Technology News...
Fetching Politics News...
Title: Trump discussed Iran's Hormuz Strait proposal with top aides, White House says
Description: The Trump administration has repeatedly insisted that the central goal of the conflict is keeping Iran from ever obtaining a nuclear weapon.
Type: Top News
Saved 1 news items to /news/data/2026-04-27/random_news.json
