=== Getting All News (Deduplicated) ===
Fetching Top News...
Fetching World News...
Fetching US News...
Fetching Economic News...
Fetching Technology News...
Fetching Politics News...
Total news items: 25

Saved 25 news items to /news/data/2026-04-23/all_news.json

=== Getting Top News Only ===
Fetching Top News...
Title: Microsoft plans first-ever voluntary employee buyout for up to 7% of U.S. workforce
Type: Top News

Title: Meta will cut 10% of workforce as company pushes deeper into AI
Type: Top News

Title: Brent oil tops $104 per barrel on unconfirmed report Iran's top negotiator resigned
Type: Top News

Saved 3 news items to /news/data/2026-04-23/top_news.json

=== Random News Item ===
Fetching Top News...
Fetching World News...
Fetching US News...
Fetching Economic News...
Fetching Technology News...
Fetching Politics News...
Title: Meta will cut 10% of workforce as company pushes deeper into AI
Description: Meta plans to lay off 10% of its workforce, equaling about 8,000 employees, as the company continues to ramp up investments in artificial intelligence.
Type: Top News
Saved 1 news items to /news/data/2026-04-23/random_news.json
