=== Getting All News (Deduplicated) ===
Fetching Top News...
Fetching World News...
Fetching US News...
Fetching Economic News...
Fetching Technology News...
Fetching Politics News...
Total news items: 27

Saved 27 news items to /news/data/2026-09-09/all_news.json

=== Getting Top News Only ===
Fetching Top News...
Title: Trump says oil and gas prices won't fall until 'right after' midterm election
Type: Top News

Title: Apple event 2026: Folding iPhone Duo, iPhone 18 Pro, added AI features and more
Type: Top News

Title: Experts weigh in as researcher says AI has more than 10% chance of 'killing all humans'
Type: Top News

Saved 3 news items to /news/data/2026-09-09/top_news.json

=== Random News Item ===
Fetching Top News...
Fetching World News...
Fetching US News...
Fetching Economic News...
Fetching Technology News...
Fetching Politics News...
Title: Canada's retaliatory tariffs worth CA$27.6 billion take effect as trade rift with U.S. deepens
Description: Duties on Canadian imports of U.S. steel and aluminum products have doubled to 50% as a trade war between Washington and Ottawa intensifies.
Type: Economic News
Saved 1 news items to /news/data/2026-09-09/random_news.json
