=== Getting All News (Deduplicated) ===
Fetching Top News...
Fetching World News...
Fetching US News...
Fetching Economic News...
Fetching Technology News...
Fetching Politics News...
Total news items: 27

Saved 27 news items to /news/data/2026-01-31/all_news.json

=== Getting Top News Only ===
Fetching Top News...
Title: Everything you need to know about Kevin Warsh, Trump's pick to lead the Federal Reserve
Type: Top News

Title: U.S. government partially shuts down; House vote could reopen it by Monday
Type: Top News

Title: Epstein files: Trump, Howard Lutnick, Steve Tisch among prominent names that appear in latest Justice Department release
Type: Top News

Saved 3 news items to /news/data/2026-01-31/top_news.json

=== Random News Item ===
Fetching Top News...
Fetching World News...
Fetching US News...
Fetching Economic News...
Fetching Technology News...
Fetching Politics News...
Title: Epstein files show Elon Musk apparently discussed plans to visit sex offender's island, host him at SpaceX
Description: Elon Musk corresponded with Jeffrey Epstein in 2012 and 2013, according to newly released files, and sought to visit Epstein's island and host him at SpaceX.
Type: US News
Saved 1 news items to /news/data/2026-01-31/random_news.json
