=== Getting All News (Deduplicated) ===
Fetching Top News...
Fetching World News...
Fetching US News...
Fetching Economic News...
Error fetching Economic News: 'NoneType' object has no attribute 'text'
Fetching Technology News...
Fetching Politics News...
Total news items: 27

Saved 27 news items to /news/data/2026-03-14/all_news.json

=== Getting Top News Only ===
Fetching Top News...
Title: The biggest release of emergency oil stockpiles in history was announced. Why crude may keep rising
Type: Top News

Title: Trump says U.S. 'obliterated' military targets on Iran's Kharg Island but didn't 'wipe out' oil infrastructure
Type: Top News

Title: Berkshire Hathaway filing provides glimpse of share buyback resumption
Type: Top News

Saved 3 news items to /news/data/2026-03-14/top_news.json

=== Random News Item ===
Fetching Top News...
Fetching World News...
Fetching US News...
Fetching Economic News...
Fetching Technology News...
Fetching Politics News...
Title: Gig workers feel pain at the pump as gas prices hit 21-month highs
Description: A network of millions of Americans who offer services like making deliveries or providing rideshare services are feeling the effects of rising gas prices.
Type: Economic News
Saved 1 news items to /news/data/2026-03-14/random_news.json
