=== Getting All News (Deduplicated) ===
Fetching Top News...
Fetching World News...
Fetching US News...
Fetching Economic News...
Fetching Technology News...
Fetching Politics News...
Total news items: 23

Saved 23 news items to /news/data/2026-09-17/all_news.json

=== Getting Top News Only ===
Fetching Top News...
Title: Here are five key takeaways from Wednesday's Fed rate hike
Type: Top News

Title: Trump photo seems to reference Kennedy Center demolition, judge denies emergency hearing bid
Type: Top News

Title: Jensen Huang says Nvidia will sell twice as many chips next year 
Type: Top News

Saved 3 news items to /news/data/2026-09-17/top_news.json

=== Random News Item ===
Fetching Top News...
Fetching World News...
Fetching US News...
Fetching Economic News...
Fetching Technology News...
Fetching Politics News...
Title: Trump photo seems to reference Kennedy Center demolition, judge denies emergency hearing bid
Description: President Donald Trump wants his name on the Kennedy Center. But a judge has ruled it cannot be placed there without authorization by Congress.
Type: Top News
Saved 1 news items to /news/data/2026-09-17/random_news.json
