=== Getting All News (Deduplicated) ===
Fetching Top News...
Fetching World News...
Fetching US News...
Fetching Economic News...
Fetching Technology News...
Fetching Politics News...
Total news items: 23

Saved 23 news items to /news/data/2026-03-24/all_news.json

=== Getting Top News Only ===
Fetching Top News...
Title: Jamie Dimon says Iran war makes Middle East peace prospects better in the long term
Type: Top News

Title: Kuwait says Strait of Hormuz closure is beyond catastrophic, will trigger domino effect across global economy
Type: Top News

Title: Pakistan offers to facilitate U.S.-Iran war talks as Trump and Tehran give mixed signals
Type: Top News

Saved 3 news items to /news/data/2026-03-24/top_news.json

=== Random News Item ===
Fetching Top News...
Fetching World News...
Fetching US News...
Fetching Economic News...
Fetching Technology News...
Fetching Politics News...
Title: Elizabeth Warren demands answers on costs, economic impact of 'illegal and reckless war'
Description: The liberal Democratic firebrand ripped President Donald Trump, whom she said has 'dragged the United States into an illegal and reckless war.'
Type: Economic News
Saved 1 news items to /news/data/2026-03-24/random_news.json
