=== Getting All News (Deduplicated) ===
Fetching Top News...
Fetching World News...
Fetching US News...
Fetching Economic News...
Fetching Technology News...
Fetching Politics News...
Total news items: 26

Saved 26 news items to /news/data/2026-02-22/all_news.json

=== Getting Top News Only ===
Fetching Top News...
Title: DHS abruptly reverses suspension of TSA PreCheck
Type: Top News

Title: Trump demands Netflix fire Susan Rice as DOJ probes Warner deal
Type: Top News

Title: Armed man killed by authorities trying to enter Trump Mar-a-Lago club
Type: Top News

Saved 3 news items to /news/data/2026-02-22/top_news.json

=== Random News Item ===
Fetching Top News...
Fetching World News...
Fetching US News...
Fetching Economic News...
Fetching Technology News...
Fetching Politics News...
Title: India delays Washington trade visit as U.S. tariff policy shifts, source tells CNBC
Description: The negotiators want to 'evaluate the latest developments', the source says, following the U.S.'s move to raise its global import tariffs to 15% from 10%.
Type: World News
Saved 1 news items to /news/data/2026-02-22/random_news.json
