=== Getting All News (Deduplicated) ===
Fetching Top News...
Fetching World News...
Fetching US News...
Fetching Economic News...
Fetching Technology News...
Fetching Politics News...
Total news items: 26

Saved 26 news items to /news/data/2026-05-06/all_news.json

=== Getting Top News Only ===
Fetching Top News...
Title: Nvidia to invest up to $3.2 billion in Corning as part of massive optical fiber deal with 3 new factories focused on AI
Type: Top News

Title: Apollo CEO Rowan warns of market correction, slams ‘egregious’ practices at rival insurers
Type: Top News

Title: FanDuel CEO Amy Howe is out after five years at the sportsbook
Type: Top News

Saved 3 news items to /news/data/2026-05-06/top_news.json

=== Random News Item ===
Fetching Top News...
Fetching World News...
Fetching US News...
Fetching Economic News...
Fetching Technology News...
Fetching Politics News...
Title: This AI stock was left for dead. Now traders are betting big on a comeback
Description: Options volumes skew bullish in the stock.
Type: Technology News
Saved 1 news items to /news/data/2026-05-06/random_news.json
